../Core/Src/stm32g4xx_it.c:82:6:NMI_Handler	0	static
../Core/Src/stm32g4xx_it.c:97:6:HardFault_Handler	0	static
../Core/Src/stm32g4xx_it.c:115:6:MemManage_Handler	0	static
../Core/Src/stm32g4xx_it.c:130:6:BusFault_Handler	0	static
../Core/Src/stm32g4xx_it.c:145:6:UsageFault_Handler	0	static
../Core/Src/stm32g4xx_it.c:160:6:SVC_Handler	0	static
../Core/Src/stm32g4xx_it.c:173:6:DebugMon_Handler	0	static
../Core/Src/stm32g4xx_it.c:186:6:PendSV_Handler	0	static
../Core/Src/stm32g4xx_it.c:199:6:SysTick_Handler	0	static
../Core/Src/stm32g4xx_it.c:220:6:DMA1_Channel1_IRQHandler	0	static
../Core/Src/stm32g4xx_it.c:234:6:DMA1_Channel2_IRQHandler	0	static
../Core/Src/stm32g4xx_it.c:248:6:DMA1_Channel3_IRQHandler	0	static
../Core/Src/stm32g4xx_it.c:262:6:DMA1_Channel4_IRQHandler	0	static
../Core/Src/stm32g4xx_it.c:276:6:ADC1_2_IRQHandler	8	static
../Core/Src/stm32g4xx_it.c:291:6:FDCAN1_IT0_IRQHandler	0	static
../Core/Src/stm32g4xx_it.c:305:6:TIM3_IRQHandler	0	static
../Core/Src/stm32g4xx_it.c:319:6:SPI1_IRQHandler	0	static
../Core/Src/stm32g4xx_it.c:333:6:USART1_IRQHandler	0	static
../Core/Src/stm32g4xx_it.c:347:6:SPI3_IRQHandler	0	static
../Core/Src/stm32g4xx_it.c:361:6:DMA2_Channel1_IRQHandler	0	static
../Core/Src/stm32g4xx_it.c:375:6:DMA2_Channel2_IRQHandler	0	static
../Core/Src/stm32g4xx_it.c:389:6:DMA2_Channel3_IRQHandler	0	static
