../Core/Src/stm32g4xx_it.c:82:6:NMI_Handler	0	static
../Core/Src/stm32g4xx_it.c:97:6:HardFault_Handler	0	static
../Core/Src/stm32g4xx_it.c:118:6:MemManage_Handler	0	static
../Core/Src/stm32g4xx_it.c:133:6:BusFault_Handler	0	static
../Core/Src/stm32g4xx_it.c:148:6:UsageFault_Handler	0	static
../Core/Src/stm32g4xx_it.c:163:6:SVC_Handler	0	static
../Core/Src/stm32g4xx_it.c:176:6:DebugMon_Handler	0	static
../Core/Src/stm32g4xx_it.c:189:6:PendSV_Handler	0	static
../Core/Src/stm32g4xx_it.c:202:6:SysTick_Handler	8	static
../Core/Src/stm32g4xx_it.c:223:6:DMA1_Channel1_IRQHandler	8	static
../Core/Src/stm32g4xx_it.c:237:6:DMA1_Channel2_IRQHandler	8	static
../Core/Src/stm32g4xx_it.c:251:6:DMA1_Channel3_IRQHandler	8	static
../Core/Src/stm32g4xx_it.c:265:6:DMA1_Channel4_IRQHandler	8	static
../Core/Src/stm32g4xx_it.c:279:6:ADC1_2_IRQHandler	8	static
../Core/Src/stm32g4xx_it.c:294:6:FDCAN1_IT0_IRQHandler	8	static
../Core/Src/stm32g4xx_it.c:308:6:TIM3_IRQHandler	8	static
../Core/Src/stm32g4xx_it.c:322:6:SPI1_IRQHandler	8	static
../Core/Src/stm32g4xx_it.c:336:6:USART1_IRQHandler	8	static
../Core/Src/stm32g4xx_it.c:350:6:SPI3_IRQHandler	8	static
../Core/Src/stm32g4xx_it.c:364:6:DMA2_Channel1_IRQHandler	8	static
../Core/Src/stm32g4xx_it.c:378:6:DMA2_Channel2_IRQHandler	8	static
../Core/Src/stm32g4xx_it.c:392:6:DMA2_Channel3_IRQHandler	8	static
