Archive member included to satisfy reference by file (symbol)

C:/ST/STM32CubeIDE_1.13.2/STM32CubeIDE/plugins/com.st.stm32cube.ide.mcu.externaltools.gnu-tools-for-stm32.11.3.rel1.win32_1.1.1.202309131626/tools/bin/../lib/gcc/arm-none-eabi/11.3.1/../../../../arm-none-eabi/lib/thumb/v7e-m+fp/hard\libc_nano.a(libc_a-exit.o)
                              C:/ST/STM32CubeIDE_1.13.2/STM32CubeIDE/plugins/com.st.stm32cube.ide.mcu.externaltools.gnu-tools-for-stm32.11.3.rel1.win32_1.1.1.202309131626/tools/bin/../lib/gcc/arm-none-eabi/11.3.1/../../../../arm-none-eabi/lib/thumb/v7e-m+fp/hard/crt0.o (exit)
C:/ST/STM32CubeIDE_1.13.2/STM32CubeIDE/plugins/com.st.stm32cube.ide.mcu.externaltools.gnu-tools-for-stm32.11.3.rel1.win32_1.1.1.202309131626/tools/bin/../lib/gcc/arm-none-eabi/11.3.1/../../../../arm-none-eabi/lib/thumb/v7e-m+fp/hard\libc_nano.a(libc_a-findfp.o)
                              C:/ST/STM32CubeIDE_1.13.2/STM32CubeIDE/plugins/com.st.stm32cube.ide.mcu.externaltools.gnu-tools-for-stm32.11.3.rel1.win32_1.1.1.202309131626/tools/bin/../lib/gcc/arm-none-eabi/11.3.1/../../../../arm-none-eabi/lib/thumb/v7e-m+fp/hard\libc_nano.a(libc_a-exit.o) (__stdio_exit_handler)
C:/ST/STM32CubeIDE_1.13.2/STM32CubeIDE/plugins/com.st.stm32cube.ide.mcu.externaltools.gnu-tools-for-stm32.11.3.rel1.win32_1.1.1.202309131626/tools/bin/../lib/gcc/arm-none-eabi/11.3.1/../../../../arm-none-eabi/lib/thumb/v7e-m+fp/hard\libc_nano.a(libc_a-fwalk.o)
                              C:/ST/STM32CubeIDE_1.13.2/STM32CubeIDE/plugins/com.st.stm32cube.ide.mcu.externaltools.gnu-tools-for-stm32.11.3.rel1.win32_1.1.1.202309131626/tools/bin/../lib/gcc/arm-none-eabi/11.3.1/../../../../arm-none-eabi/lib/thumb/v7e-m+fp/hard\libc_nano.a(libc_a-findfp.o) (_fwalk_sglue)
C:/ST/STM32CubeIDE_1.13.2/STM32CubeIDE/plugins/com.st.stm32cube.ide.mcu.externaltools.gnu-tools-for-stm32.11.3.rel1.win32_1.1.1.202309131626/tools/bin/../lib/gcc/arm-none-eabi/11.3.1/../../../../arm-none-eabi/lib/thumb/v7e-m+fp/hard\libc_nano.a(libc_a-stdio.o)
                              C:/ST/STM32CubeIDE_1.13.2/STM32CubeIDE/plugins/com.st.stm32cube.ide.mcu.externaltools.gnu-tools-for-stm32.11.3.rel1.win32_1.1.1.202309131626/tools/bin/../lib/gcc/arm-none-eabi/11.3.1/../../../../arm-none-eabi/lib/thumb/v7e-m+fp/hard\libc_nano.a(libc_a-findfp.o) (__sread)
C:/ST/STM32CubeIDE_1.13.2/STM32CubeIDE/plugins/com.st.stm32cube.ide.mcu.externaltools.gnu-tools-for-stm32.11.3.rel1.win32_1.1.1.202309131626/tools/bin/../lib/gcc/arm-none-eabi/11.3.1/../../../../arm-none-eabi/lib/thumb/v7e-m+fp/hard\libc_nano.a(libc_a-vsnprintf.o)
                              ./Application/Print_server.o (vsnprintf)
C:/ST/STM32CubeIDE_1.13.2/STM32CubeIDE/plugins/com.st.stm32cube.ide.mcu.externaltools.gnu-tools-for-stm32.11.3.rel1.win32_1.1.1.202309131626/tools/bin/../lib/gcc/arm-none-eabi/11.3.1/../../../../arm-none-eabi/lib/thumb/v7e-m+fp/hard\libc_nano.a(libc_a-memset.o)
                              C:/ST/STM32CubeIDE_1.13.2/STM32CubeIDE/plugins/com.st.stm32cube.ide.mcu.externaltools.gnu-tools-for-stm32.11.3.rel1.win32_1.1.1.202309131626/tools/bin/../lib/gcc/arm-none-eabi/11.3.1/../../../../arm-none-eabi/lib/thumb/v7e-m+fp/hard/crt0.o (memset)
C:/ST/STM32CubeIDE_1.13.2/STM32CubeIDE/plugins/com.st.stm32cube.ide.mcu.externaltools.gnu-tools-for-stm32.11.3.rel1.win32_1.1.1.202309131626/tools/bin/../lib/gcc/arm-none-eabi/11.3.1/../../../../arm-none-eabi/lib/thumb/v7e-m+fp/hard\libc_nano.a(libc_a-closer.o)
                              C:/ST/STM32CubeIDE_1.13.2/STM32CubeIDE/plugins/com.st.stm32cube.ide.mcu.externaltools.gnu-tools-for-stm32.11.3.rel1.win32_1.1.1.202309131626/tools/bin/../lib/gcc/arm-none-eabi/11.3.1/../../../../arm-none-eabi/lib/thumb/v7e-m+fp/hard\libc_nano.a(libc_a-stdio.o) (_close_r)
C:/ST/STM32CubeIDE_1.13.2/STM32CubeIDE/plugins/com.st.stm32cube.ide.mcu.externaltools.gnu-tools-for-stm32.11.3.rel1.win32_1.1.1.202309131626/tools/bin/../lib/gcc/arm-none-eabi/11.3.1/../../../../arm-none-eabi/lib/thumb/v7e-m+fp/hard\libc_nano.a(libc_a-reent.o)
                              C:/ST/STM32CubeIDE_1.13.2/STM32CubeIDE/plugins/com.st.stm32cube.ide.mcu.externaltools.gnu-tools-for-stm32.11.3.rel1.win32_1.1.1.202309131626/tools/bin/../lib/gcc/arm-none-eabi/11.3.1/../../../../arm-none-eabi/lib/thumb/v7e-m+fp/hard\libc_nano.a(libc_a-closer.o) (errno)
C:/ST/STM32CubeIDE_1.13.2/STM32CubeIDE/plugins/com.st.stm32cube.ide.mcu.externaltools.gnu-tools-for-stm32.11.3.rel1.win32_1.1.1.202309131626/tools/bin/../lib/gcc/arm-none-eabi/11.3.1/../../../../arm-none-eabi/lib/thumb/v7e-m+fp/hard\libc_nano.a(libc_a-impure.o)
                              C:/ST/STM32CubeIDE_1.13.2/STM32CubeIDE/plugins/com.st.stm32cube.ide.mcu.externaltools.gnu-tools-for-stm32.11.3.rel1.win32_1.1.1.202309131626/tools/bin/../lib/gcc/arm-none-eabi/11.3.1/../../../../arm-none-eabi/lib/thumb/v7e-m+fp/hard\libc_nano.a(libc_a-vsnprintf.o) (_impure_ptr)
[...]
Memory Configuration

Name             Origin             Length             Attributes
RAM              0x0000000020000000 0x0000000000008000 xrw
FLASH            0x0000000008000000 0x0000000000020000 xr
*default*        0x0000000000000000 0xffffffffffffffff

Linker script and memory map

LOAD C:/ST/STM32CubeIDE_1.13.2/STM32CubeIDE/plugins/com.st.stm32cube.ide.mcu.externaltools.gnu-tools-for-stm32.11.3.rel1.win32_1.1.1.202309131626/tools/bin/../lib/gcc/arm-none-eabi/11.3.1/thumb/v7e-m+fp/hard/crti.o
LOAD C:/ST/STM32CubeIDE_1.13.2/STM32CubeIDE/plugins/com.st.stm32cube.ide.mcu.externaltools.gnu-tools-for-stm32.11.3.rel1.win32_1.1.1.202309131626/tools/bin/../lib/gcc/arm-none-eabi/11.3.1/thumb/v7e-m+fp/hard/crtbegin.o
LOAD C:/ST/STM32CubeIDE_1.13.2/STM32CubeIDE/plugins/com.st.stm32cube.ide.mcu.externaltools.gnu-tools-for-stm32.11.3.rel1.win32_1.1.1.202309131626/tools/bin/../lib/gcc/arm-none-eabi/11.3.1/../../../../arm-none-eabi/lib/thumb/v7e-m+fp/hard/crt0.o
LOAD ./Application/BLDC_FOC.o
LOAD ./Application/CTRL.o
LOAD ./Application/Encoders_SPI.o
LOAD ./Application/PID.o
LOAD ./Application/Print_server.o
LOAD ./Application/current_ADC.o
LOAD ./Application/example.o
LOAD ./Application/fdcandriver.o
LOAD ./Core/Src/adc.o
LOAD ./Core/Src/dac.o
LOAD ./Core/Src/dma.o
LOAD ./Core/Src/fdcan.o
LOAD ./Core/Src/fmac.o
LOAD ./Core/Src/gpio.o
LOAD ./Core/Src/main.o
LOAD ./Core/Src/spi.o
LOAD ./Core/Src/stm32g4xx_hal_msp.o
LOAD ./Core/Src/stm32g4xx_it.o
LOAD ./Core/Src/syscalls.o
LOAD ./Core/Src/sysmem.o
LOAD ./Core/Src/system_stm32g4xx.o
LOAD ./Core/Src/tim.o
LOAD ./Core/Src/usart.o
LOAD ./Core/Startup/startup_stm32g431rbtx.o
LOAD ./Drivers/STM32G4xx_HAL_Driver/stm32g4xx_hal.o
LOAD ./Drivers/STM32G4xx_HAL_Driver/stm32g4xx_hal_adc.o
LOAD ./Drivers/STM32G4xx_HAL_Driver/stm32g4xx_hal_adc_ex.o
LOAD ./Drivers/STM32G4xx_HAL_Driver/stm32g4xx_hal_cortex.o
LOAD ./Drivers/STM32G4xx_HAL_Driver/stm32g4xx_hal_dac.o
LOAD ./Drivers/STM32G4xx_HAL_Driver/stm32g4xx_hal_dac_ex.o
LOAD ./Drivers/STM32G4xx_HAL_Driver/stm32g4xx_hal_dma.o
LOAD ./Drivers/STM32G4xx_HAL_Driver/stm32g4xx_hal_dma_ex.o
LOAD ./Drivers/STM32G4xx_HAL_Driver/stm32g4xx_hal_exti.o
LOAD ./Drivers/STM32G4xx_HAL_Driver/stm32g4xx_hal_fdcan.o
LOAD ./Drivers/STM32G4xx_HAL_Driver/stm32g4xx_hal_flash.o
LOAD ./Drivers/STM32G4xx_HAL_Driver/stm32g4xx_hal_flash_ex.o
LOAD ./Drivers/STM32G4xx_HAL_Driver/stm32g4xx_hal_flash_ramfunc.o
LOAD ./Drivers/STM32G4xx_HAL_Driver/stm32g4xx_hal_fmac.o
LOAD ./Drivers/STM32G4xx_HAL_Driver/stm32g4xx_hal_gpio.o
LOAD ./Drivers/STM32G4xx_HAL_Driver/stm32g4xx_hal_pwr.o
LOAD ./Drivers/STM32G4xx_HAL_Driver/stm32g4xx_hal_pwr_ex.o
LOAD ./Drivers/STM32G4xx_HAL_Driver/stm32g4xx_hal_rcc.o
LOAD ./Drivers/STM32G4xx_HAL_Driver/stm32g4xx_hal_rcc_ex.o
LOAD ./Drivers/STM32G4xx_HAL_Driver/stm32g4xx_hal_spi.o
LOAD ./Drivers/STM32G4xx_HAL_Driver/stm32g4xx_hal_spi_ex.o
LOAD ./Drivers/STM32G4xx_HAL_Driver/stm32g4xx_hal_tim.o
LOAD ./Drivers/STM32G4xx_HAL_Driver/stm32g4xx_hal_tim_ex.o
LOAD ./Drivers/STM32G4xx_HAL_Driver/stm32g4xx_hal_uart.o
LOAD ./Drivers/STM32G4xx_HAL_Driver/stm32g4xx_hal_uart_ex.o
LOAD ./Drivers/STM32G4xx_HAL_Driver/stm32g4xx_ll_adc.o
START GROUP
LOAD C:/ST/STM32CubeIDE_1.13.2/STM32CubeIDE/plugins/com.st.stm32cube.ide.mcu.externaltools.gnu-tools-for-stm32.11.3.rel1.win32_1.1.1.202309131626/tools/bin/../lib/gcc/arm-none-eabi/11.3.1/../../../../arm-none-eabi/lib/thumb/v7e-m+fp/hard\libc_nano.a
LOAD C:/ST/STM32CubeIDE_1.13.2/STM32CubeIDE/plugins/com.st.stm32cube.ide.mcu.externaltools.gnu-tools-for-stm32.11.3.rel1.win32_1.1.1.202309131626/tools/bin/../lib/gcc/arm-none-eabi/11.3.1/../../../../arm-none-eabi/lib/thumb/v7e-m+fp/hard\libm.a
END GROUP
START GROUP
LOAD C:/ST/STM32CubeIDE_1.13.2/STM32CubeIDE/plugins/com.st.stm32cube.ide.mcu.externaltools.gnu-tools-for-stm32.11.3.rel1.win32_1.1.1.202309131626/tools/bin/../lib/gcc/arm-none-eabi/11.3.1/thumb/v7e-m+fp/hard\libgcc.a
LOAD C:/ST/STM32CubeIDE_1.13.2/STM32CubeIDE/plugins/com.st.stm32cube.ide.mcu.externaltools.gnu-tools-for-stm32.11.3.rel1.win32_1.1.1.202309131626/tools/bin/../lib/gcc/arm-none-eabi/11.3.1/../../../../arm-none-eabi/lib/thumb/v7e-m+fp/hard\libc_nano.a
END GROUP
START GROUP
LOAD C:/ST/STM32CubeIDE_1.13.2/STM32CubeIDE/plugins/com.st.stm32cube.ide.mcu.externaltools.gnu-tools-for-stm32.11.3.rel1.win32_1.1.1.202309131626/tools/bin/../lib/gcc/arm-none-eabi/11.3.1/thumb/v7e-m+fp/hard\libgcc.a
LOAD C:/ST/STM32CubeIDE_1.13.2/STM32CubeIDE/plugins/com.st.stm32cube.ide.mcu.externaltools.gnu-tools-for-stm32.11.3.rel1.win32_1.1.1.202309131626/tools/bin/../lib/gcc/arm-none-eabi/11.3.1/../../../../arm-none-eabi/lib/thumb/v7e-m+fp/hard\libc_nano.a
LOAD C:/ST/STM32CubeIDE_1.13.2/STM32CubeIDE/plugins/com.st.stm32cube.ide.mcu.externaltools.gnu-tools-for-stm32.11.3.rel1.win32_1.1.1.202309131626/tools/bin/../lib/gcc/arm-none-eabi/11.3.1/../../../../arm-none-eabi/lib/thumb/v7e-m+fp/hard\libnosys.a
END GROUP
START GROUP
LOAD C:/ST/STM32CubeIDE_1.13.2/STM32CubeIDE/plugins/com.st.stm32cube.ide.mcu.externaltools.gnu-tools-for-stm32.11.3.rel1.win32_1.1.1.202309131626/tools/bin/../lib/gcc/arm-none-eabi/11.3.1/thumb/v7e-m+fp/hard\libgcc.a
LOAD C:/ST/STM32CubeIDE_1.13.2/STM32CubeIDE/plugins/com.st.stm32cube.ide.mcu.externaltools.gnu-tools-for-stm32.11.3.rel1.win32_1.1.1.202309131626/tools/bin/../lib/gcc/arm-none-eabi/11.3.1/../../../../arm-none-eabi/lib/thumb/v7e-m+fp/hard\libc_nano.a
LOAD C:/ST/STM32CubeIDE_1.13.2/STM32CubeIDE/plugins/com.st.stm32cube.ide.mcu.externaltools.gnu-tools-for-stm32.11.3.rel1.win32_1.1.1.202309131626/tools/bin/../lib/gcc/arm-none-eabi/11.3.1/../../../../arm-none-eabi/lib/thumb/v7e-m+fp/hard\libnosys.a
END GROUP
LOAD C:/ST/STM32CubeIDE_1.13.2/STM32CubeIDE/plugins/com.st.stm32cube.ide.mcu.externaltools.gnu-tools-for-stm32.11.3.rel1.win32_1.1.1.202309131626/tools/bin/../lib/gcc/arm-none-eabi/11.3.1/thumb/v7e-m+fp/hard/crtend.o
LOAD C:/ST/STM32CubeIDE_1.13.2/STM32CubeIDE/plugins/com.st.stm32cube.ide.mcu.externaltools.gnu-tools-for-stm32.11.3.rel1.win32_1.1.1.202309131626/tools/bin/../lib/gcc/arm-none-eabi/11.3.1/thumb/v7e-m+fp/hard/crtn.o
                0x0000000020008000                _estack = (ORIGIN (RAM) + LENGTH (RAM))
                0x0000000000000200                _Min_Heap_Size = 0x200
                0x0000000000000400                _Min_Stack_Size = 0x400

.isr_vector     0x0000000008000000      0x1d8
                0x0000000008000000                . = ALIGN (0x4)
 *(.isr_vector)
 .isr_vector    0x0000000008000000      0x1d8 ./Core/Startup/startup_stm32g431rbtx.o
                0x0000000008000000                g_pfnVectors
                0x00000000080001d8                . = ALIGN (0x4)

.text           0x00000000080001e0     0xc8c8
                0x00000000080001e0                . = ALIGN (0x4)
 *(.text)
 .text          0x00000000080001e0       0x40 C:/ST/STM32CubeIDE_1.13.2/STM32CubeIDE/plugins/com.st.stm32cube.ide.mcu.externaltools.gnu-tools-for-stm32.11.3.rel1.win32_1.1.1.202309131626/tools/bin/../lib/gcc/arm-none-eabi/11.3.1/thumb/v7e-m+fp/hard/crtbegin.o
 .text          0x0000000008000220       0x10 C:/ST/STM32CubeIDE_1.13.2/STM32CubeIDE/plugins/com.st.stm32cube.ide.mcu.externaltools.gnu-tools-for-stm32.11.3.rel1.win32_1.1.1.202309131626/tools/bin/../lib/gcc/arm-none-eabi/11.3.1/../../../../arm-none-eabi/lib/thumb/v7e-m+fp/hard\libc_nano.a(libc_a-strlen.o)
                0x0000000008000220                strlen
 .text          0x0000000008000230       0xa0 C:/ST/STM32CubeIDE_1.13.2/STM32CubeIDE/plugins/com.st.stm32cube.ide.mcu.externaltools.gnu-tools-for-stm32.11.3.rel1.win32_1.1.1.202309131626/tools/bin/../lib/gcc/arm-none-eabi/11.3.1/../../../../arm-none-eabi/lib/thumb/v7e-m+fp/hard\libc_nano.a(libc_a-memchr.o)
                0x0000000008000230                memchr
 .text          0x00000000080002d0       0x30 C:/ST/STM32CubeIDE_1.13.2/STM32CubeIDE/plugins/com.st.stm32cube.ide.mcu.externaltools.gnu-tools-for-stm32.11.3.rel1.win32_1.1.1.202309131626/tools/bin/../lib/gcc/arm-none-eabi/11.3.1/thumb/v7e-m+fp/hard\libgcc.a(_aeabi_uldivmod.o)
                0x00000000080002d0                __aeabi_uldivmod
 .text          0x0000000008000300      0x2c8 C:/ST/STM32CubeIDE_1.13.2/STM32CubeIDE/plugins/com.st.stm32cube.ide.mcu.externaltools.gnu-tools-for-stm32.11.3.rel1.win32_1.1.1.202309131626/tools/bin/../lib/gcc/arm-none-eabi/11.3.1/thumb/v7e-m+fp/hard\libgcc.a(_udivmoddi4.o)
                0x0000000008000300                __udivmoddi4
 .text          0x00000000080005c8        0x4 C:/ST/STM32CubeIDE_1.13.2/STM32CubeIDE/plugins/com.st.stm32cube.ide.mcu.externaltools.gnu-tools-for-stm32.11.3.rel1.win32_1.1.1.202309131626/tools/bin/../lib/gcc/arm-none-eabi/11.3.1/thumb/v7e-m+fp/hard\libgcc.a(_dvmd_tls.o)
                0x00000000080005c8                __aeabi_idiv0
                0x00000000080005c8                __aeabi_ldiv0
 *(.text*)
 .text.Update_FIR_filter
                0x00000000080005cc       0x94 ./Application/BLDC_FOC.o
                0x00000000080005cc                Update_FIR_filter
 .text.Current_IRQ
                0x0000000008000660       0x30 ./Application/BLDC_FOC.o
                0x0000000008000660                Current_IRQ
 .text.Voltage_Temp_IRQ
                0x0000000008000690       0x20 ./Application/BLDC_FOC.o
                0x0000000008000690                Voltage_Temp_IRQ
 .text.Encoders_IRQ
                0x00000000080006b0       0x20 ./Application/BLDC_FOC.o
                0x00000000080006b0                Encoders_IRQ
 .text.Can_RX_Status_IRQ
                0x00000000080006d0       0x20 ./Application/BLDC_FOC.o
                0x00000000080006d0                Can_RX_Status_IRQ
 .text.check_value
                0x00000000080006f0       0x72 ./Application/BLDC_FOC.o
                0x00000000080006f0                check_value
 *fill*         0x0000000008000762        0x2 
 .text.BLDC_main
                0x0000000008000764      0x9b4 ./Application/BLDC_FOC.o
                0x0000000008000764                BLDC_main
 .text.mech_to_el_deg
                0x0000000008001118       0x7c ./Application/BLDC_FOC.o
                0x0000000008001118                mech_to_el_deg
 .text.CTRL_init_PWM
                0x0000000008001194       0x98 ./Application/CTRL.o
                0x0000000008001194                CTRL_init_PWM
 .text.inverter
                0x000000000800122c      0x2a4 ./Application/CTRL.o
                0x000000000800122c                inverter
 .text.shutoff  0x00000000080014d0       0x24 ./Application/CTRL.o
                0x00000000080014d0                shutoff
 .text.shutdown
                0x00000000080014f4       0x44 ./Application/CTRL.o
                0x00000000080014f4                shutdown
 .text.ORBIS_init
                0x0000000008001538       0x8c ./Application/Encoders_SPI.o
                0x0000000008001538                ORBIS_init
 .text.HAL_SPI_TxRxCpltCallback
                0x00000000080015c4      0x1f4 ./Application/Encoders_SPI.o
                0x00000000080015c4                HAL_SPI_TxRxCpltCallback
 .text.HAL_TIM_PeriodElapsedCallback
                0x00000000080017b8       0x5c ./Application/Encoders_SPI.o
                0x00000000080017b8                HAL_TIM_PeriodElapsedCallback
 .text.Compute  0x0000000008001814      0x164 ./Application/PID.o
                0x0000000008001814                Compute
 .text.SetTunings
                0x0000000008001978      0x174 ./Application/PID.o
                0x0000000008001978                SetTunings
 .text.SetSampleTime
                0x0000000008001aec       0x68 ./Application/PID.o
                0x0000000008001aec                SetSampleTime
 .text.SetOutputLimits
                0x0000000008001b54       0xb8 ./Application/PID.o
                0x0000000008001b54                SetOutputLimits
 .text.SetMode  0x0000000008001c0c       0x44 ./Application/PID.o
                0x0000000008001c0c                SetMode
 .text.Initialize
                0x0000000008001c50       0x64 ./Application/PID.o
                0x0000000008001c50                Initialize
 .text.SetControllerDirection
                0x0000000008001cb4       0x1c ./Application/PID.o
                0x0000000008001cb4                SetControllerDirection
 .text.PrintServerPrintf
                0x0000000008001cd0       0x4c ./Application/Print_server.o
                0x0000000008001cd0                PrintServerPrintf
 .text.ADC_CAL  0x0000000008001d1c      0x158 ./Application/current_ADC.o
                0x0000000008001d1c                ADC_CAL
 .text.current_init
                0x0000000008001e74       0x4c ./Application/current_ADC.o
                0x0000000008001e74                current_init
 .text.voltage_temperature_init
                0x0000000008001ec0       0x2c ./Application/current_ADC.o
                0x0000000008001ec0                voltage_temperature_init
 .text.HAL_ADC_ConvHalfCpltCallback
                0x0000000008001eec      0x258 ./Application/current_ADC.o
                0x0000000008001eec                HAL_ADC_ConvHalfCpltCallback
 .text.HAL_ADC_ConvCpltCallback
                0x0000000008002144      0x254 ./Application/current_ADC.o
                0x0000000008002144                HAL_ADC_ConvCpltCallback
 .text.dac_value
                0x0000000008002398       0x3c ./Application/current_ADC.o
                0x0000000008002398                dac_value
 .text.FDCAN_Start
                0x00000000080023d4       0x36 ./Application/fdcandriver.o
                0x00000000080023d4                FDCAN_Start
 *fill*         0x000000000800240a        0x2 
 .text.FDCAN_addCallback
                0x000000000800240c       0x78 ./Application/fdcandriver.o
                0x000000000800240c                FDCAN_addCallback
 .text.FDCAN_sendData
                0x0000000008002484       0x58 ./Application/fdcandriver.o
                0x0000000008002484                FDCAN_sendData
 .text.HAL_FDCAN_RxFifo0Callback
                0x00000000080024dc       0x6c ./Application/fdcandriver.o
                0x00000000080024dc                HAL_FDCAN_RxFifo0Callback
 .text.MX_ADC1_Init
                0x0000000008002548      0x168 ./Core/Src/adc.o
                0x0000000008002548                MX_ADC1_Init
 .text.MX_ADC2_Init
                0x00000000080026b0      0x148 ./Core/Src/adc.o
                0x00000000080026b0                MX_ADC2_Init
 .text.HAL_ADC_MspInit
                0x00000000080027f8      0x25c ./Core/Src/adc.o
                0x00000000080027f8                HAL_ADC_MspInit
 .text.MX_DAC1_Init
                0x0000000008002a54       0x74 ./Core/Src/dac.o
                0x0000000008002a54                MX_DAC1_Init
 .text.HAL_DAC_MspInit
                0x0000000008002ac8       0x7c ./Core/Src/dac.o
                0x0000000008002ac8                HAL_DAC_MspInit
 .text.MX_DMA_Init
                0x0000000008002b44       0xcc ./Core/Src/dma.o
                0x0000000008002b44                MX_DMA_Init
 .text.MX_FDCAN1_Init
                0x0000000008002c10       0x90 ./Core/Src/fdcan.o
                0x0000000008002c10                MX_FDCAN1_Init
 .text.HAL_FDCAN_MspInit
                0x0000000008002ca0       0xc4 ./Core/Src/fdcan.o
                0x0000000008002ca0                HAL_FDCAN_MspInit
 .text.MX_FMAC_Init
                0x0000000008002d64       0x28 ./Core/Src/fmac.o
                0x0000000008002d64                MX_FMAC_Init
 .text.HAL_FMAC_MspInit
                0x0000000008002d8c       0x40 ./Core/Src/fmac.o
                0x0000000008002d8c                HAL_FMAC_MspInit
 .text.MX_GPIO_Init
                0x0000000008002dcc      0x16c ./Core/Src/gpio.o
                0x0000000008002dcc                MX_GPIO_Init
 .text.main     0x0000000008002f38       0x42 ./Core/Src/main.o
                0x0000000008002f38                main
 .text.SystemClock_Config
                0x0000000008002f7a       0xa6 ./Core/Src/main.o
                0x0000000008002f7a                SystemClock_Config
 .text.Error_Handler
                0x0000000008003020        0xa ./Core/Src/main.o
                0x0000000008003020                Error_Handler
 *fill*         0x000000000800302a        0x2 
 .text.MX_SPI1_Init
                0x000000000800302c       0x7c ./Core/Src/spi.o
                0x000000000800302c                MX_SPI1_Init
 .text.MX_SPI3_Init
                0x00000000080030a8       0x7c ./Core/Src/spi.o
                0x00000000080030a8                MX_SPI3_Init
 .text.HAL_SPI_MspInit
                0x0000000008003124      0x278 ./Core/Src/spi.o
                0x0000000008003124                HAL_SPI_MspInit
 .text.HAL_MspInit
                0x000000000800339c       0x48 ./Core/Src/stm32g4xx_hal_msp.o
                0x000000000800339c                HAL_MspInit
 .text.NMI_Handler
                0x00000000080033e4        0x6 ./Core/Src/stm32g4xx_it.o
                0x00000000080033e4                NMI_Handler
 .text.HardFault_Handler
                0x00000000080033ea        0x6 ./Core/Src/stm32g4xx_it.o
                0x00000000080033ea                HardFault_Handler
 .text.MemManage_Handler
                0x00000000080033f0        0x6 ./Core/Src/stm32g4xx_it.o
                0x00000000080033f0                MemManage_Handler
 .text.BusFault_Handler
                0x00000000080033f6        0x6 ./Core/Src/stm32g4xx_it.o
                0x00000000080033f6                BusFault_Handler
 .text.UsageFault_Handler
                0x00000000080033fc        0x6 ./Core/Src/stm32g4xx_it.o
                0x00000000080033fc                UsageFault_Handler
 .text.SVC_Handler
                0x0000000008003402        0xe ./Core/Src/stm32g4xx_it.o
                0x0000000008003402                SVC_Handler
 .text.DebugMon_Handler
                0x0000000008003410        0xe ./Core/Src/stm32g4xx_it.o
                0x0000000008003410                DebugMon_Handler
 .text.PendSV_Handler
                0x000000000800341e        0xe ./Core/Src/stm32g4xx_it.o
                0x000000000800341e                PendSV_Handler
 .text.SysTick_Handler
                0x000000000800342c        0xc ./Core/Src/stm32g4xx_it.o
                0x000000000800342c                SysTick_Handler
 .text.DMA1_Channel1_IRQHandler
                0x0000000008003438       0x14 ./Core/Src/stm32g4xx_it.o
                0x0000000008003438                DMA1_Channel1_IRQHandler
 .text.DMA1_Channel2_IRQHandler
                0x000000000800344c       0x14 ./Core/Src/stm32g4xx_it.o
                0x000000000800344c                DMA1_Channel2_IRQHandler
 .text.DMA1_Channel3_IRQHandler
                0x0000000008003460       0x14 ./Core/Src/stm32g4xx_it.o
                0x0000000008003460                DMA1_Channel3_IRQHandler
 .text.DMA1_Channel4_IRQHandler
                0x0000000008003474       0x14 ./Core/Src/stm32g4xx_it.o
                0x0000000008003474                DMA1_Channel4_IRQHandler
 .text.ADC1_2_IRQHandler
                0x0000000008003488       0x1c ./Core/Src/stm32g4xx_it.o
                0x0000000008003488                ADC1_2_IRQHandler
 .text.FDCAN1_IT0_IRQHandler
                0x00000000080034a4       0x14 ./Core/Src/stm32g4xx_it.o
                0x00000000080034a4                FDCAN1_IT0_IRQHandler
 .text.TIM3_IRQHandler
                0x00000000080034b8       0x14 ./Core/Src/stm32g4xx_it.o
                0x00000000080034b8                TIM3_IRQHandler
 .text.SPI1_IRQHandler
                0x00000000080034cc       0x14 ./Core/Src/stm32g4xx_it.o
                0x00000000080034cc                SPI1_IRQHandler
 .text.USART1_IRQHandler
                0x00000000080034e0       0x14 ./Core/Src/stm32g4xx_it.o
                0x00000000080034e0                USART1_IRQHandler
 .text.SPI3_IRQHandler
                0x00000000080034f4       0x14 ./Core/Src/stm32g4xx_it.o
                0x00000000080034f4                SPI3_IRQHandler
 .text.DMA2_Channel1_IRQHandler
                0x0000000008003508       0x14 ./Core/Src/stm32g4xx_it.o
                0x0000000008003508                DMA2_Channel1_IRQHandler
 .text.DMA2_Channel2_IRQHandler
                0x000000000800351c       0x14 ./Core/Src/stm32g4xx_it.o
                0x000000000800351c                DMA2_Channel2_IRQHandler
 .text.DMA2_Channel3_IRQHandler
                0x0000000008003530       0x14 ./Core/Src/stm32g4xx_it.o
                0x0000000008003530                DMA2_Channel3_IRQHandler
 .text._sbrk    0x0000000008003544       0x6c ./Core/Src/sysmem.o
                0x0000000008003544                _sbrk
 .text.SystemInit
                0x00000000080035b0       0x24 ./Core/Src/system_stm32g4xx.o
                0x00000000080035b0                SystemInit
 .text.MX_TIM1_Init
                0x00000000080035d4      0x190 ./Core/Src/tim.o
                0x00000000080035d4                MX_TIM1_Init
 .text.MX_TIM3_Init
                0x0000000008003764       0x9c ./Core/Src/tim.o
                0x0000000008003764                MX_TIM3_Init
 .text.HAL_TIM_Base_MspInit
                0x0000000008003800       0x74 ./Core/Src/tim.o
                0x0000000008003800                HAL_TIM_Base_MspInit
 .text.HAL_TIM_MspPostInit
                0x0000000008003874       0xd0 ./Core/Src/tim.o
                0x0000000008003874                HAL_TIM_MspPostInit
 .text.MX_USART1_UART_Init
                0x0000000008003944       0x98 ./Core/Src/usart.o
                0x0000000008003944                MX_USART1_UART_Init
 .text.HAL_UART_MspInit
                0x00000000080039dc      0x11c ./Core/Src/usart.o
                0x00000000080039dc                HAL_UART_MspInit
 .text.Reset_Handler
                0x0000000008003af8       0x50 ./Core/Startup/startup_stm32g431rbtx.o
                0x0000000008003af8                Reset_Handler
 .text.Default_Handler
                0x0000000008003b48        0x2 ./Core/Startup/startup_stm32g431rbtx.o
                0x0000000008003b48                RTC_Alarm_IRQHandler
                0x0000000008003b48                EXTI2_IRQHandler
                0x0000000008003b48                TIM8_TRG_COM_IRQHandler
                0x0000000008003b48                TIM8_CC_IRQHandler
                0x0000000008003b48                TIM1_CC_IRQHandler
                0x0000000008003b48                USB_HP_IRQHandler
                0x0000000008003b48                CORDIC_IRQHandler
                0x0000000008003b48                EXTI3_IRQHandler
                0x0000000008003b48                I2C3_ER_IRQHandler
                0x0000000008003b48                EXTI0_IRQHandler
                0x0000000008003b48                I2C2_EV_IRQHandler
                0x0000000008003b48                FPU_IRQHandler
                0x0000000008003b48                FDCAN1_IT1_IRQHandler
                0x0000000008003b48                TIM1_UP_TIM16_IRQHandler
                0x0000000008003b48                TIM6_DAC_IRQHandler
                0x0000000008003b48                TIM8_UP_IRQHandler
                0x0000000008003b48                USART3_IRQHandler
                0x0000000008003b48                TIM4_IRQHandler
                0x0000000008003b48                I2C1_EV_IRQHandler
                0x0000000008003b48                DMA1_Channel6_IRQHandler
                0x0000000008003b48                UART4_IRQHandler
                0x0000000008003b48                DMA2_Channel4_IRQHandler
                0x0000000008003b48                RCC_IRQHandler
                0x0000000008003b48                Default_Handler
                0x0000000008003b48                RTC_TAMP_LSECSS_IRQHandler
                0x0000000008003b48                FMAC_IRQHandler
                0x0000000008003b48                EXTI15_10_IRQHandler
                0x0000000008003b48                TIM7_IRQHandler
                0x0000000008003b48                UCPD1_IRQHandler
                0x0000000008003b48                I2C3_EV_IRQHandler
                0x0000000008003b48                EXTI9_5_IRQHandler
                0x0000000008003b48                RTC_WKUP_IRQHandler
                0x0000000008003b48                PVD_PVM_IRQHandler
                0x0000000008003b48                SPI2_IRQHandler
                0x0000000008003b48                DMA2_Channel5_IRQHandler
                0x0000000008003b48                CRS_IRQHandler
                0x0000000008003b48                DMA1_Channel5_IRQHandler
                0x0000000008003b48                USB_LP_IRQHandler
                0x0000000008003b48                EXTI4_IRQHandler
                0x0000000008003b48                RNG_IRQHandler
                0x0000000008003b48                TIM1_TRG_COM_TIM17_IRQHandler
                0x0000000008003b48                WWDG_IRQHandler
                0x0000000008003b48                LPUART1_IRQHandler
                0x0000000008003b48                DMA2_Channel6_IRQHandler
                0x0000000008003b48                TIM2_IRQHandler
                0x0000000008003b48                COMP1_2_3_IRQHandler
                0x0000000008003b48                EXTI1_IRQHandler
                0x0000000008003b48                USART2_IRQHandler
                0x0000000008003b48                I2C2_ER_IRQHandler
                0x0000000008003b48                TIM8_BRK_IRQHandler
                0x0000000008003b48                FLASH_IRQHandler
                0x0000000008003b48                I2C1_ER_IRQHandler
                0x0000000008003b48                LPTIM1_IRQHandler
                0x0000000008003b48                DMAMUX_OVR_IRQHandler
                0x0000000008003b48                USBWakeUp_IRQHandler
                0x0000000008003b48                SAI1_IRQHandler
                0x0000000008003b48                COMP4_IRQHandler
                0x0000000008003b48                TIM1_BRK_TIM15_IRQHandler
 .text.HAL_Init
                0x0000000008003b4a       0x30 ./Drivers/STM32G4xx_HAL_Driver/stm32g4xx_hal.o
                0x0000000008003b4a                HAL_Init
 *fill*         0x0000000008003b7a        0x2 
 .text.HAL_InitTick
                0x0000000008003b7c       0x74 ./Drivers/STM32G4xx_HAL_Driver/stm32g4xx_hal.o
                0x0000000008003b7c                HAL_InitTick
 .text.HAL_IncTick
                0x0000000008003bf0       0x24 ./Drivers/STM32G4xx_HAL_Driver/stm32g4xx_hal.o
                0x0000000008003bf0                HAL_IncTick
 .text.HAL_GetTick
                0x0000000008003c14       0x18 ./Drivers/STM32G4xx_HAL_Driver/stm32g4xx_hal.o
                0x0000000008003c14                HAL_GetTick
 .text.HAL_Delay
                0x0000000008003c2c       0x44 ./Drivers/STM32G4xx_HAL_Driver/stm32g4xx_hal.o
                0x0000000008003c2c                HAL_Delay
 .text.LL_ADC_SetCommonClock
                0x0000000008003c70       0x26 ./Drivers/STM32G4xx_HAL_Driver/stm32g4xx_hal_adc.o
 .text.LL_ADC_SetCommonPathInternalCh
                0x0000000008003c96       0x26 ./Drivers/STM32G4xx_HAL_Driver/stm32g4xx_hal_adc.o
 .text.LL_ADC_GetCommonPathInternalCh
                0x0000000008003cbc       0x1c ./Drivers/STM32G4xx_HAL_Driver/stm32g4xx_hal_adc.o
 .text.LL_ADC_SetOffset
                0x0000000008003cd8       0x48 ./Drivers/STM32G4xx_HAL_Driver/stm32g4xx_hal_adc.o
 .text.LL_ADC_GetOffsetChannel
                0x0000000008003d20       0x2c ./Drivers/STM32G4xx_HAL_Driver/stm32g4xx_hal_adc.o
 .text.LL_ADC_SetOffsetState
                0x0000000008003d4c       0x36 ./Drivers/STM32G4xx_HAL_Driver/stm32g4xx_hal_adc.o
 .text.LL_ADC_SetOffsetSign
                0x0000000008003d82       0x36 ./Drivers/STM32G4xx_HAL_Driver/stm32g4xx_hal_adc.o
 .text.LL_ADC_SetOffsetSaturation
                0x0000000008003db8       0x36 ./Drivers/STM32G4xx_HAL_Driver/stm32g4xx_hal_adc.o
 .text.LL_ADC_SetSamplingTimeCommonConfig
                0x0000000008003dee       0x26 ./Drivers/STM32G4xx_HAL_Driver/stm32g4xx_hal_adc.o
 .text.LL_ADC_REG_IsTriggerSourceSWStart
                0x0000000008003e14       0x26 ./Drivers/STM32G4xx_HAL_Driver/stm32g4xx_hal_adc.o
 .text.LL_ADC_REG_SetSequencerRanks
                0x0000000008003e3a       0x58 ./Drivers/STM32G4xx_HAL_Driver/stm32g4xx_hal_adc.o
 .text.LL_ADC_INJ_IsTriggerSourceSWStart
                0x0000000008003e92       0x26 ./Drivers/STM32G4xx_HAL_Driver/stm32g4xx_hal_adc.o
 .text.LL_ADC_SetChannelSamplingTime
                0x0000000008003eb8       0x56 ./Drivers/STM32G4xx_HAL_Driver/stm32g4xx_hal_adc.o
 *fill*         0x0000000008003f0e        0x2 
 .text.LL_ADC_SetChannelSingleDiff
                0x0000000008003f10       0x50 ./Drivers/STM32G4xx_HAL_Driver/stm32g4xx_hal_adc.o
 .text.LL_ADC_GetMultimode
                0x0000000008003f60       0x1c ./Drivers/STM32G4xx_HAL_Driver/stm32g4xx_hal_adc.o
 .text.LL_ADC_GetMultiDMATransfer
                0x0000000008003f7c       0x1c ./Drivers/STM32G4xx_HAL_Driver/stm32g4xx_hal_adc.o
 .text.LL_ADC_DisableDeepPowerDown
                0x0000000008003f98       0x24 ./Drivers/STM32G4xx_HAL_Driver/stm32g4xx_hal_adc.o
 .text.LL_ADC_IsDeepPowerDownEnabled
                0x0000000008003fbc       0x28 ./Drivers/STM32G4xx_HAL_Driver/stm32g4xx_hal_adc.o
 .text.LL_ADC_EnableInternalRegulator
                0x0000000008003fe4       0x28 ./Drivers/STM32G4xx_HAL_Driver/stm32g4xx_hal_adc.o
 .text.LL_ADC_IsInternalRegulatorEnabled
                0x000000000800400c       0x28 ./Drivers/STM32G4xx_HAL_Driver/stm32g4xx_hal_adc.o
 .text.LL_ADC_Enable
                0x0000000008004034       0x28 ./Drivers/STM32G4xx_HAL_Driver/stm32g4xx_hal_adc.o
 .text.LL_ADC_IsEnabled
                0x000000000800405c       0x26 ./Drivers/STM32G4xx_HAL_Driver/stm32g4xx_hal_adc.o
 .text.LL_ADC_REG_StartConversion
                0x0000000008004082       0x28 ./Drivers/STM32G4xx_HAL_Driver/stm32g4xx_hal_adc.o
 .text.LL_ADC_REG_IsConversionOngoing
                0x00000000080040aa       0x26 ./Drivers/STM32G4xx_HAL_Driver/stm32g4xx_hal_adc.o
 .text.LL_ADC_INJ_IsConversionOngoing
                0x00000000080040d0       0x26 ./Drivers/STM32G4xx_HAL_Driver/stm32g4xx_hal_adc.o
 *fill*         0x00000000080040f6        0x2 
 .text.HAL_ADC_Init
                0x00000000080040f8      0x314 ./Drivers/STM32G4xx_HAL_Driver/stm32g4xx_hal_adc.o
                0x00000000080040f8                HAL_ADC_Init
 .text.HAL_ADC_Start_DMA
                0x000000000800440c      0x168 ./Drivers/STM32G4xx_HAL_Driver/stm32g4xx_hal_adc.o
                0x000000000800440c                HAL_ADC_Start_DMA
 .text.HAL_ADC_IRQHandler
                0x0000000008004574      0x434 ./Drivers/STM32G4xx_HAL_Driver/stm32g4xx_hal_adc.o
                0x0000000008004574                HAL_ADC_IRQHandler
 .text.HAL_ADC_LevelOutOfWindowCallback
                0x00000000080049a8       0x14 ./Drivers/STM32G4xx_HAL_Driver/stm32g4xx_hal_adc.o
                0x00000000080049a8                HAL_ADC_LevelOutOfWindowCallback
 .text.HAL_ADC_ErrorCallback
                0x00000000080049bc       0x14 ./Drivers/STM32G4xx_HAL_Driver/stm32g4xx_hal_adc.o
                0x00000000080049bc                HAL_ADC_ErrorCallback
 .text.HAL_ADC_ConfigChannel
                0x00000000080049d0      0x7e0 ./Drivers/STM32G4xx_HAL_Driver/stm32g4xx_hal_adc.o
                0x00000000080049d0                HAL_ADC_ConfigChannel
 .text.ADC_Enable
                0x00000000080051b0       0xc4 ./Drivers/STM32G4xx_HAL_Driver/stm32g4xx_hal_adc.o
                0x00000000080051b0                ADC_Enable
 .text.ADC_DMAConvCplt
                0x0000000008005274       0xd8 ./Drivers/STM32G4xx_HAL_Driver/stm32g4xx_hal_adc.o
                0x0000000008005274                ADC_DMAConvCplt
 .text.ADC_DMAHalfConvCplt
                0x000000000800534c       0x1c ./Drivers/STM32G4xx_HAL_Driver/stm32g4xx_hal_adc.o
                0x000000000800534c                ADC_DMAHalfConvCplt
 .text.ADC_DMAError
                0x0000000008005368       0x34 ./Drivers/STM32G4xx_HAL_Driver/stm32g4xx_hal_adc.o
                0x0000000008005368                ADC_DMAError
 .text.LL_ADC_IsEnabled
                0x000000000800539c       0x26 ./Drivers/STM32G4xx_HAL_Driver/stm32g4xx_hal_adc_ex.o
 .text.LL_ADC_REG_IsConversionOngoing
                0x00000000080053c2       0x26 ./Drivers/STM32G4xx_HAL_Driver/stm32g4xx_hal_adc_ex.o
 .text.HAL_ADCEx_InjectedConvCpltCallback
                0x00000000080053e8       0x14 ./Drivers/STM32G4xx_HAL_Driver/stm32g4xx_hal_adc_ex.o
                0x00000000080053e8                HAL_ADCEx_InjectedConvCpltCallback
 .text.HAL_ADCEx_InjectedQueueOverflowCallback
                0x00000000080053fc       0x14 ./Drivers/STM32G4xx_HAL_Driver/stm32g4xx_hal_adc_ex.o
                0x00000000080053fc                HAL_ADCEx_InjectedQueueOverflowCallback
 .text.HAL_ADCEx_LevelOutOfWindow2Callback
                0x0000000008005410       0x14 ./Drivers/STM32G4xx_HAL_Driver/stm32g4xx_hal_adc_ex.o
                0x0000000008005410                HAL_ADCEx_LevelOutOfWindow2Callback
 .text.HAL_ADCEx_LevelOutOfWindow3Callback
                0x0000000008005424       0x14 ./Drivers/STM32G4xx_HAL_Driver/stm32g4xx_hal_adc_ex.o
                0x0000000008005424                HAL_ADCEx_LevelOutOfWindow3Callback
 .text.HAL_ADCEx_EndOfSamplingCallback
                0x0000000008005438       0x14 ./Drivers/STM32G4xx_HAL_Driver/stm32g4xx_hal_adc_ex.o
                0x0000000008005438                HAL_ADCEx_EndOfSamplingCallback
 .text.HAL_ADCEx_MultiModeConfigChannel
                0x000000000800544c      0x148 ./Drivers/STM32G4xx_HAL_Driver/stm32g4xx_hal_adc_ex.o
                0x000000000800544c                HAL_ADCEx_MultiModeConfigChannel
 .text.__NVIC_SetPriorityGrouping
                0x0000000008005594       0x48 ./Drivers/STM32G4xx_HAL_Driver/stm32g4xx_hal_cortex.o
 .text.__NVIC_GetPriorityGrouping
                0x00000000080055dc       0x1c ./Drivers/STM32G4xx_HAL_Driver/stm32g4xx_hal_cortex.o
 .text.__NVIC_EnableIRQ
                0x00000000080055f8       0x3c ./Drivers/STM32G4xx_HAL_Driver/stm32g4xx_hal_cortex.o
 .text.__NVIC_SetPriority
                0x0000000008005634       0x54 ./Drivers/STM32G4xx_HAL_Driver/stm32g4xx_hal_cortex.o
 .text.NVIC_EncodePriority
                0x0000000008005688       0x66 ./Drivers/STM32G4xx_HAL_Driver/stm32g4xx_hal_cortex.o
 *fill*         0x00000000080056ee        0x2 
 .text.SysTick_Config
                0x00000000080056f0       0x44 ./Drivers/STM32G4xx_HAL_Driver/stm32g4xx_hal_cortex.o
 .text.HAL_NVIC_SetPriorityGrouping
                0x0000000008005734       0x16 ./Drivers/STM32G4xx_HAL_Driver/stm32g4xx_hal_cortex.o
                0x0000000008005734                HAL_NVIC_SetPriorityGrouping
 .text.HAL_NVIC_SetPriority
                0x000000000800574a       0x34 ./Drivers/STM32G4xx_HAL_Driver/stm32g4xx_hal_cortex.o
                0x000000000800574a                HAL_NVIC_SetPriority
 .text.HAL_NVIC_EnableIRQ
                0x000000000800577e       0x1c ./Drivers/STM32G4xx_HAL_Driver/stm32g4xx_hal_cortex.o
                0x000000000800577e                HAL_NVIC_EnableIRQ
 .text.HAL_SYSTICK_Config
                0x000000000800579a       0x18 ./Drivers/STM32G4xx_HAL_Driver/stm32g4xx_hal_cortex.o
                0x000000000800579a                HAL_SYSTICK_Config
 .text.HAL_DAC_Init
                0x00000000080057b2       0x44 ./Drivers/STM32G4xx_HAL_Driver/stm32g4xx_hal_dac.o
                0x00000000080057b2                HAL_DAC_Init
 .text.HAL_DAC_Start
                0x00000000080057f6       0xa6 ./Drivers/STM32G4xx_HAL_Driver/stm32g4xx_hal_dac.o
                0x00000000080057f6                HAL_DAC_Start
 .text.HAL_DAC_SetValue
                0x000000000800589c       0x50 ./Drivers/STM32G4xx_HAL_Driver/stm32g4xx_hal_dac.o
                0x000000000800589c                HAL_DAC_SetValue
 .text.HAL_DAC_ConfigChannel
                0x00000000080058ec      0x350 ./Drivers/STM32G4xx_HAL_Driver/stm32g4xx_hal_dac.o
                0x00000000080058ec                HAL_DAC_ConfigChannel
 .text.HAL_DMA_Init
                0x0000000008005c3c      0x150 ./Drivers/STM32G4xx_HAL_Driver/stm32g4xx_hal_dma.o
                0x0000000008005c3c                HAL_DMA_Init
 .text.HAL_DMA_Start_IT
                0x0000000008005d8c       0xf6 ./Drivers/STM32G4xx_HAL_Driver/stm32g4xx_hal_dma.o
                0x0000000008005d8c                HAL_DMA_Start_IT
 .text.HAL_DMA_Abort
                0x0000000008005e82       0xb2 ./Drivers/STM32G4xx_HAL_Driver/stm32g4xx_hal_dma.o
                0x0000000008005e82                HAL_DMA_Abort
 .text.HAL_DMA_Abort_IT
                0x0000000008005f34       0xce ./Drivers/STM32G4xx_HAL_Driver/stm32g4xx_hal_dma.o
                0x0000000008005f34                HAL_DMA_Abort_IT
 .text.HAL_DMA_IRQHandler
                0x0000000008006002      0x15e ./Drivers/STM32G4xx_HAL_Driver/stm32g4xx_hal_dma.o
                0x0000000008006002                HAL_DMA_IRQHandler
 .text.DMA_SetConfig
                0x0000000008006160       0x7c ./Drivers/STM32G4xx_HAL_Driver/stm32g4xx_hal_dma.o
 .text.DMA_CalcDMAMUXChannelBaseAndMask
                0x00000000080061dc       0x7c ./Drivers/STM32G4xx_HAL_Driver/stm32g4xx_hal_dma.o
 .text.DMA_CalcDMAMUXRequestGenBaseAndMask
                0x0000000008006258       0x48 ./Drivers/STM32G4xx_HAL_Driver/stm32g4xx_hal_dma.o
 .text.HAL_FDCAN_Init
                0x00000000080062a0      0x2b4 ./Drivers/STM32G4xx_HAL_Driver/stm32g4xx_hal_fdcan.o
                0x00000000080062a0                HAL_FDCAN_Init
 .text.HAL_FDCAN_Start
                0x0000000008006554       0x50 ./Drivers/STM32G4xx_HAL_Driver/stm32g4xx_hal_fdcan.o
                0x0000000008006554                HAL_FDCAN_Start
 .text.HAL_FDCAN_AddMessageToTxFifoQ
                0x00000000080065a4       0x88 ./Drivers/STM32G4xx_HAL_Driver/stm32g4xx_hal_fdcan.o
                0x00000000080065a4                HAL_FDCAN_AddMessageToTxFifoQ
 .text.HAL_FDCAN_GetRxMessage
                0x000000000800662c      0x1b4 ./Drivers/STM32G4xx_HAL_Driver/stm32g4xx_hal_fdcan.o
                0x000000000800662c                HAL_FDCAN_GetRxMessage
 .text.HAL_FDCAN_ActivateNotification
                0x00000000080067e0      0x1cc ./Drivers/STM32G4xx_HAL_Driver/stm32g4xx_hal_fdcan.o
                0x00000000080067e0                HAL_FDCAN_ActivateNotification
 .text.HAL_FDCAN_IRQHandler
                0x00000000080069ac      0x272 ./Drivers/STM32G4xx_HAL_Driver/stm32g4xx_hal_fdcan.o
                0x00000000080069ac                HAL_FDCAN_IRQHandler
 .text.HAL_FDCAN_TxEventFifoCallback
                0x0000000008006c1e       0x16 ./Drivers/STM32G4xx_HAL_Driver/stm32g4xx_hal_fdcan.o
                0x0000000008006c1e                HAL_FDCAN_TxEventFifoCallback
 .text.HAL_FDCAN_RxFifo1Callback
                0x0000000008006c34       0x16 ./Drivers/STM32G4xx_HAL_Driver/stm32g4xx_hal_fdcan.o
                0x0000000008006c34                HAL_FDCAN_RxFifo1Callback
 .text.HAL_FDCAN_TxFifoEmptyCallback
                0x0000000008006c4a       0x14 ./Drivers/STM32G4xx_HAL_Driver/stm32g4xx_hal_fdcan.o
                0x0000000008006c4a                HAL_FDCAN_TxFifoEmptyCallback
 .text.HAL_FDCAN_TxBufferCompleteCallback
                0x0000000008006c5e       0x16 ./Drivers/STM32G4xx_HAL_Driver/stm32g4xx_hal_fdcan.o
                0x0000000008006c5e                HAL_FDCAN_TxBufferCompleteCallback
 .text.HAL_FDCAN_TxBufferAbortCallback
                0x0000000008006c74       0x16 ./Drivers/STM32G4xx_HAL_Driver/stm32g4xx_hal_fdcan.o
                0x0000000008006c74                HAL_FDCAN_TxBufferAbortCallback
 .text.HAL_FDCAN_TimestampWraparoundCallback
                0x0000000008006c8a       0x14 ./Drivers/STM32G4xx_HAL_Driver/stm32g4xx_hal_fdcan.o
                0x0000000008006c8a                HAL_FDCAN_TimestampWraparoundCallback
 .text.HAL_FDCAN_TimeoutOccurredCallback
                0x0000000008006c9e       0x14 ./Drivers/STM32G4xx_HAL_Driver/stm32g4xx_hal_fdcan.o
                0x0000000008006c9e                HAL_FDCAN_TimeoutOccurredCallback
 .text.HAL_FDCAN_HighPriorityMessageCallback
                0x0000000008006cb2       0x14 ./Drivers/STM32G4xx_HAL_Driver/stm32g4xx_hal_fdcan.o
                0x0000000008006cb2                HAL_FDCAN_HighPriorityMessageCallback
 .text.HAL_FDCAN_ErrorCallback
                0x0000000008006cc6       0x14 ./Drivers/STM32G4xx_HAL_Driver/stm32g4xx_hal_fdcan.o
                0x0000000008006cc6                HAL_FDCAN_ErrorCallback
 .text.HAL_FDCAN_ErrorStatusCallback
                0x0000000008006cda       0x16 ./Drivers/STM32G4xx_HAL_Driver/stm32g4xx_hal_fdcan.o
                0x0000000008006cda                HAL_FDCAN_ErrorStatusCallback
 .text.FDCAN_CalcultateRamBlockAddresses
                0x0000000008006cf0       0xac ./Drivers/STM32G4xx_HAL_Driver/stm32g4xx_hal_fdcan.o
 .text.FDCAN_CopyMessageToRAM
                0x0000000008006d9c       0xf8 ./Drivers/STM32G4xx_HAL_Driver/stm32g4xx_hal_fdcan.o
 .text.HAL_FMAC_Init
                0x0000000008006e94       0x82 ./Drivers/STM32G4xx_HAL_Driver/stm32g4xx_hal_fmac.o
                0x0000000008006e94                HAL_FMAC_Init
 .text.FMAC_Reset
                0x0000000008006f16       0x5e ./Drivers/STM32G4xx_HAL_Driver/stm32g4xx_hal_fmac.o
 .text.FMAC_ResetDataPointers
                0x0000000008006f74       0x1c ./Drivers/STM32G4xx_HAL_Driver/stm32g4xx_hal_fmac.o
 .text.FMAC_ResetInputStateAndDataPointers
                0x0000000008006f90       0x2e ./Drivers/STM32G4xx_HAL_Driver/stm32g4xx_hal_fmac.o
 .text.FMAC_ResetOutputStateAndDataPointers
                0x0000000008006fbe       0x2e ./Drivers/STM32G4xx_HAL_Driver/stm32g4xx_hal_fmac.o
 .text.HAL_GPIO_Init
                0x0000000008006fec      0x304 ./Drivers/STM32G4xx_HAL_Driver/stm32g4xx_hal_gpio.o
                0x0000000008006fec                HAL_GPIO_Init
 .text.HAL_GPIO_WritePin
                0x00000000080072f0       0x30 ./Drivers/STM32G4xx_HAL_Driver/stm32g4xx_hal_gpio.o
                0x00000000080072f0                HAL_GPIO_WritePin
 .text.HAL_GPIO_TogglePin
                0x0000000008007320       0x34 ./Drivers/STM32G4xx_HAL_Driver/stm32g4xx_hal_gpio.o
                0x0000000008007320                HAL_GPIO_TogglePin
 .text.HAL_PWREx_ControlVoltageScaling
                0x0000000008007354      0x148 ./Drivers/STM32G4xx_HAL_Driver/stm32g4xx_hal_pwr_ex.o
                0x0000000008007354                HAL_PWREx_ControlVoltageScaling
 .text.HAL_PWREx_DisableUCPDDeadBattery
                0x000000000800749c       0x20 ./Drivers/STM32G4xx_HAL_Driver/stm32g4xx_hal_pwr_ex.o
                0x000000000800749c                HAL_PWREx_DisableUCPDDeadBattery
 .text.HAL_RCC_OscConfig
                0x00000000080074bc      0x630 ./Drivers/STM32G4xx_HAL_Driver/stm32g4xx_hal_rcc.o
                0x00000000080074bc                HAL_RCC_OscConfig
 .text.HAL_RCC_ClockConfig
                0x0000000008007aec      0x278 ./Drivers/STM32G4xx_HAL_Driver/stm32g4xx_hal_rcc.o
                0x0000000008007aec                HAL_RCC_ClockConfig
 .text.HAL_RCC_MCOConfig
                0x0000000008007d64       0x8c ./Drivers/STM32G4xx_HAL_Driver/stm32g4xx_hal_rcc.o
                0x0000000008007d64                HAL_RCC_MCOConfig
 .text.HAL_RCC_GetSysClockFreq
                0x0000000008007df0       0xc0 ./Drivers/STM32G4xx_HAL_Driver/stm32g4xx_hal_rcc.o
                0x0000000008007df0                HAL_RCC_GetSysClockFreq
 .text.HAL_RCC_GetHCLKFreq
                0x0000000008007eb0       0x18 ./Drivers/STM32G4xx_HAL_Driver/stm32g4xx_hal_rcc.o
                0x0000000008007eb0                HAL_RCC_GetHCLKFreq
 .text.HAL_RCC_GetPCLK1Freq
                0x0000000008007ec8       0x2c ./Drivers/STM32G4xx_HAL_Driver/stm32g4xx_hal_rcc.o
                0x0000000008007ec8                HAL_RCC_GetPCLK1Freq
 .text.HAL_RCC_GetPCLK2Freq
                0x0000000008007ef4       0x2c ./Drivers/STM32G4xx_HAL_Driver/stm32g4xx_hal_rcc.o
                0x0000000008007ef4                HAL_RCC_GetPCLK2Freq
 .text.RCC_GetSysClockFreqFromPLLSource
                0x0000000008007f20       0x88 ./Drivers/STM32G4xx_HAL_Driver/stm32g4xx_hal_rcc.o
 .text.HAL_RCCEx_PeriphCLKConfig
                0x0000000008007fa8      0x3e0 ./Drivers/STM32G4xx_HAL_Driver/stm32g4xx_hal_rcc_ex.o
                0x0000000008007fa8                HAL_RCCEx_PeriphCLKConfig
 .text.HAL_SPI_Init
                0x0000000008008388      0x156 ./Drivers/STM32G4xx_HAL_Driver/stm32g4xx_hal_spi.o
                0x0000000008008388                HAL_SPI_Init
 *fill*         0x00000000080084de        0x2 
 .text.HAL_SPI_TransmitReceive_DMA
                0x00000000080084e0      0x318 ./Drivers/STM32G4xx_HAL_Driver/stm32g4xx_hal_spi.o
                0x00000000080084e0                HAL_SPI_TransmitReceive_DMA
 .text.HAL_SPI_IRQHandler
                0x00000000080087f8      0x1e8 ./Drivers/STM32G4xx_HAL_Driver/stm32g4xx_hal_spi.o
                0x00000000080087f8                HAL_SPI_IRQHandler
 .text.HAL_SPI_RxCpltCallback
                0x00000000080089e0       0x14 ./Drivers/STM32G4xx_HAL_Driver/stm32g4xx_hal_spi.o
                0x00000000080089e0                HAL_SPI_RxCpltCallback
 .text.HAL_SPI_RxHalfCpltCallback
                0x00000000080089f4       0x14 ./Drivers/STM32G4xx_HAL_Driver/stm32g4xx_hal_spi.o
                0x00000000080089f4                HAL_SPI_RxHalfCpltCallback
 .text.HAL_SPI_TxRxHalfCpltCallback
                0x0000000008008a08       0x14 ./Drivers/STM32G4xx_HAL_Driver/stm32g4xx_hal_spi.o
                0x0000000008008a08                HAL_SPI_TxRxHalfCpltCallback
 .text.HAL_SPI_ErrorCallback
                0x0000000008008a1c       0x14 ./Drivers/STM32G4xx_HAL_Driver/stm32g4xx_hal_spi.o
                0x0000000008008a1c                HAL_SPI_ErrorCallback
 .text.SPI_DMAReceiveCplt
                0x0000000008008a30       0xa8 ./Drivers/STM32G4xx_HAL_Driver/stm32g4xx_hal_spi.o
 .text.SPI_DMATransmitReceiveCplt
                0x0000000008008ad8       0x90 ./Drivers/STM32G4xx_HAL_Driver/stm32g4xx_hal_spi.o
 .text.SPI_DMAHalfReceiveCplt
                0x0000000008008b68       0x1c ./Drivers/STM32G4xx_HAL_Driver/stm32g4xx_hal_spi.o
 .text.SPI_DMAHalfTransmitReceiveCplt
                0x0000000008008b84       0x1c ./Drivers/STM32G4xx_HAL_Driver/stm32g4xx_hal_spi.o
 .text.SPI_DMAError
                0x0000000008008ba0       0x40 ./Drivers/STM32G4xx_HAL_Driver/stm32g4xx_hal_spi.o
 .text.SPI_DMAAbortOnError
                0x0000000008008be0       0x2a ./Drivers/STM32G4xx_HAL_Driver/stm32g4xx_hal_spi.o
 *fill*         0x0000000008008c0a        0x2 
 .text.SPI_WaitFlagStateUntilTimeout
                0x0000000008008c0c      0x110 ./Drivers/STM32G4xx_HAL_Driver/stm32g4xx_hal_spi.o
 .text.SPI_WaitFifoStateUntilTimeout
                0x0000000008008d1c      0x12c ./Drivers/STM32G4xx_HAL_Driver/stm32g4xx_hal_spi.o
 .text.SPI_EndRxTransaction
                0x0000000008008e48       0xb0 ./Drivers/STM32G4xx_HAL_Driver/stm32g4xx_hal_spi.o
 .text.SPI_EndRxTxTransaction
                0x0000000008008ef8       0x8c ./Drivers/STM32G4xx_HAL_Driver/stm32g4xx_hal_spi.o
 .text.HAL_TIM_Base_Init
                0x0000000008008f84       0xae ./Drivers/STM32G4xx_HAL_Driver/stm32g4xx_hal_tim.o
                0x0000000008008f84                HAL_TIM_Base_Init
 .text.HAL_TIM_Base_Stop
                0x0000000008009032       0x4e ./Drivers/STM32G4xx_HAL_Driver/stm32g4xx_hal_tim.o
                0x0000000008009032                HAL_TIM_Base_Stop
 .text.HAL_TIM_Base_Start_IT
                0x0000000008009080       0xd4 ./Drivers/STM32G4xx_HAL_Driver/stm32g4xx_hal_tim.o
                0x0000000008009080                HAL_TIM_Base_Start_IT
 .text.HAL_TIM_PWM_Init
                0x0000000008009154       0xae ./Drivers/STM32G4xx_HAL_Driver/stm32g4xx_hal_tim.o
                0x0000000008009154                HAL_TIM_PWM_Init
 .text.HAL_TIM_PWM_MspInit
                0x0000000008009202       0x14 ./Drivers/STM32G4xx_HAL_Driver/stm32g4xx_hal_tim.o
                0x0000000008009202                HAL_TIM_PWM_MspInit
 *fill*         0x0000000008009216        0x2 
 .text.HAL_TIM_PWM_Start
                0x0000000008009218      0x200 ./Drivers/STM32G4xx_HAL_Driver/stm32g4xx_hal_tim.o
                0x0000000008009218                HAL_TIM_PWM_Start
 .text.HAL_TIM_PWM_Stop
                0x0000000008009418      0x12c ./Drivers/STM32G4xx_HAL_Driver/stm32g4xx_hal_tim.o
                0x0000000008009418                HAL_TIM_PWM_Stop
 .text.HAL_TIM_IRQHandler
                0x0000000008009544      0x2fe ./Drivers/STM32G4xx_HAL_Driver/stm32g4xx_hal_tim.o
                0x0000000008009544                HAL_TIM_IRQHandler
 *fill*         0x0000000008009842        0x2 
 .text.HAL_TIM_PWM_ConfigChannel
                0x0000000008009844      0x228 ./Drivers/STM32G4xx_HAL_Driver/stm32g4xx_hal_tim.o
                0x0000000008009844                HAL_TIM_PWM_ConfigChannel
 .text.HAL_TIM_ConfigClockSource
                0x0000000008009a6c      0x1f4 ./Drivers/STM32G4xx_HAL_Driver/stm32g4xx_hal_tim.o
                0x0000000008009a6c                HAL_TIM_ConfigClockSource
 .text.HAL_TIM_OC_DelayElapsedCallback
                0x0000000008009c60       0x14 ./Drivers/STM32G4xx_HAL_Driver/stm32g4xx_hal_tim.o
                0x0000000008009c60                HAL_TIM_OC_DelayElapsedCallback
 .text.HAL_TIM_IC_CaptureCallback
                0x0000000008009c74       0x14 ./Drivers/STM32G4xx_HAL_Driver/stm32g4xx_hal_tim.o
                0x0000000008009c74                HAL_TIM_IC_CaptureCallback
 .text.HAL_TIM_PWM_PulseFinishedCallback
                0x0000000008009c88       0x14 ./Drivers/STM32G4xx_HAL_Driver/stm32g4xx_hal_tim.o
                0x0000000008009c88                HAL_TIM_PWM_PulseFinishedCallback
 .text.HAL_TIM_TriggerCallback
                0x0000000008009c9c       0x14 ./Drivers/STM32G4xx_HAL_Driver/stm32g4xx_hal_tim.o
                0x0000000008009c9c                HAL_TIM_TriggerCallback
 .text.TIM_Base_SetConfig
                0x0000000008009cb0      0x120 ./Drivers/STM32G4xx_HAL_Driver/stm32g4xx_hal_tim.o
                0x0000000008009cb0                TIM_Base_SetConfig
 .text.TIM_OC1_SetConfig
                0x0000000008009dd0      0x120 ./Drivers/STM32G4xx_HAL_Driver/stm32g4xx_hal_tim.o
 .text.TIM_OC2_SetConfig
                0x0000000008009ef0      0x114 ./Drivers/STM32G4xx_HAL_Driver/stm32g4xx_hal_tim.o
                0x0000000008009ef0                TIM_OC2_SetConfig
 .text.TIM_OC3_SetConfig
                0x000000000800a004      0x110 ./Drivers/STM32G4xx_HAL_Driver/stm32g4xx_hal_tim.o
 .text.TIM_OC4_SetConfig
                0x000000000800a114      0x114 ./Drivers/STM32G4xx_HAL_Driver/stm32g4xx_hal_tim.o
 .text.TIM_OC5_SetConfig
                0x000000000800a228       0xc8 ./Drivers/STM32G4xx_HAL_Driver/stm32g4xx_hal_tim.o
 .text.TIM_OC6_SetConfig
                0x000000000800a2f0       0xcc ./Drivers/STM32G4xx_HAL_Driver/stm32g4xx_hal_tim.o
 .text.TIM_TI1_ConfigInputStage
                0x000000000800a3bc       0x5e ./Drivers/STM32G4xx_HAL_Driver/stm32g4xx_hal_tim.o
 .text.TIM_TI2_ConfigInputStage
                0x000000000800a41a       0x60 ./Drivers/STM32G4xx_HAL_Driver/stm32g4xx_hal_tim.o
 .text.TIM_ITRx_SetConfig
                0x000000000800a47a       0x3a ./Drivers/STM32G4xx_HAL_Driver/stm32g4xx_hal_tim.o
 .text.TIM_ETR_SetConfig
                0x000000000800a4b4       0x40 ./Drivers/STM32G4xx_HAL_Driver/stm32g4xx_hal_tim.o
                0x000000000800a4b4                TIM_ETR_SetConfig
 .text.TIM_CCxChannelCmd
                0x000000000800a4f4       0x4a ./Drivers/STM32G4xx_HAL_Driver/stm32g4xx_hal_tim.o
                0x000000000800a4f4                TIM_CCxChannelCmd
 *fill*         0x000000000800a53e        0x2 
 .text.HAL_TIMEx_PWMN_Start
                0x000000000800a540      0x168 ./Drivers/STM32G4xx_HAL_Driver/stm32g4xx_hal_tim_ex.o
                0x000000000800a540                HAL_TIMEx_PWMN_Start
 .text.HAL_TIMEx_PWMN_Stop
                0x000000000800a6a8       0xba ./Drivers/STM32G4xx_HAL_Driver/stm32g4xx_hal_tim_ex.o
                0x000000000800a6a8                HAL_TIMEx_PWMN_Stop
 *fill*         0x000000000800a762        0x2 
 .text.HAL_TIMEx_MasterConfigSynchronization
                0x000000000800a764      0x104 ./Drivers/STM32G4xx_HAL_Driver/stm32g4xx_hal_tim_ex.o
                0x000000000800a764                HAL_TIMEx_MasterConfigSynchronization
 .text.HAL_TIMEx_ConfigBreakDeadTime
                0x000000000800a868      0x140 ./Drivers/STM32G4xx_HAL_Driver/stm32g4xx_hal_tim_ex.o
                0x000000000800a868                HAL_TIMEx_ConfigBreakDeadTime
 .text.HAL_TIMEx_CommutCallback
                0x000000000800a9a8       0x14 ./Drivers/STM32G4xx_HAL_Driver/stm32g4xx_hal_tim_ex.o
                0x000000000800a9a8                HAL_TIMEx_CommutCallback
 .text.HAL_TIMEx_BreakCallback
                0x000000000800a9bc       0x14 ./Drivers/STM32G4xx_HAL_Driver/stm32g4xx_hal_tim_ex.o
                0x000000000800a9bc                HAL_TIMEx_BreakCallback
 .text.HAL_TIMEx_Break2Callback
                0x000000000800a9d0       0x14 ./Drivers/STM32G4xx_HAL_Driver/stm32g4xx_hal_tim_ex.o
                0x000000000800a9d0                HAL_TIMEx_Break2Callback
 .text.HAL_TIMEx_EncoderIndexCallback
                0x000000000800a9e4       0x14 ./Drivers/STM32G4xx_HAL_Driver/stm32g4xx_hal_tim_ex.o
                0x000000000800a9e4                HAL_TIMEx_EncoderIndexCallback
 .text.HAL_TIMEx_DirectionChangeCallback
                0x000000000800a9f8       0x14 ./Drivers/STM32G4xx_HAL_Driver/stm32g4xx_hal_tim_ex.o
                0x000000000800a9f8                HAL_TIMEx_DirectionChangeCallback
 .text.HAL_TIMEx_IndexErrorCallback
                0x000000000800aa0c       0x14 ./Drivers/STM32G4xx_HAL_Driver/stm32g4xx_hal_tim_ex.o
                0x000000000800aa0c                HAL_TIMEx_IndexErrorCallback
 .text.HAL_TIMEx_TransitionErrorCallback
                0x000000000800aa20       0x14 ./Drivers/STM32G4xx_HAL_Driver/stm32g4xx_hal_tim_ex.o
                0x000000000800aa20                HAL_TIMEx_TransitionErrorCallback
 .text.TIM_CCxNChannelCmd
                0x000000000800aa34       0x4a ./Drivers/STM32G4xx_HAL_Driver/stm32g4xx_hal_tim_ex.o
 .text.HAL_UART_Init
                0x000000000800aa7e       0xa0 ./Drivers/STM32G4xx_HAL_Driver/stm32g4xx_hal_uart.o
                0x000000000800aa7e                HAL_UART_Init
 *fill*         0x000000000800ab1e        0x2 
 .text.HAL_UART_Transmit_DMA
                0x000000000800ab20      0x124 ./Drivers/STM32G4xx_HAL_Driver/stm32g4xx_hal_uart.o
                0x000000000800ab20                HAL_UART_Transmit_DMA
 .text.HAL_UART_IRQHandler
                0x000000000800ac44      0x630 ./Drivers/STM32G4xx_HAL_Driver/stm32g4xx_hal_uart.o
                0x000000000800ac44                HAL_UART_IRQHandler
 .text.HAL_UART_TxCpltCallback
                0x000000000800b274       0x14 ./Drivers/STM32G4xx_HAL_Driver/stm32g4xx_hal_uart.o
                0x000000000800b274                HAL_UART_TxCpltCallback
 .text.HAL_UART_TxHalfCpltCallback
                0x000000000800b288       0x14 ./Drivers/STM32G4xx_HAL_Driver/stm32g4xx_hal_uart.o
                0x000000000800b288                HAL_UART_TxHalfCpltCallback
 .text.HAL_UART_ErrorCallback
                0x000000000800b29c       0x14 ./Drivers/STM32G4xx_HAL_Driver/stm32g4xx_hal_uart.o
                0x000000000800b29c                HAL_UART_ErrorCallback
 .text.HAL_UARTEx_RxEventCallback
                0x000000000800b2b0       0x18 ./Drivers/STM32G4xx_HAL_Driver/stm32g4xx_hal_uart.o
                0x000000000800b2b0                HAL_UARTEx_RxEventCallback
 .text.UART_SetConfig
                0x000000000800b2c8      0x598 ./Drivers/STM32G4xx_HAL_Driver/stm32g4xx_hal_uart.o
                0x000000000800b2c8                UART_SetConfig
 .text.UART_AdvFeatureConfig
                0x000000000800b860      0x144 ./Drivers/STM32G4xx_HAL_Driver/stm32g4xx_hal_uart.o
                0x000000000800b860                UART_AdvFeatureConfig
 .text.UART_CheckIdleState
                0x000000000800b9a4       0x96 ./Drivers/STM32G4xx_HAL_Driver/stm32g4xx_hal_uart.o
                0x000000000800b9a4                UART_CheckIdleState
 .text.UART_WaitOnFlagUntilTimeout
                0x000000000800ba3a      0x190 ./Drivers/STM32G4xx_HAL_Driver/stm32g4xx_hal_uart.o
                0x000000000800ba3a                UART_WaitOnFlagUntilTimeout
 .text.UART_EndTxTransfer
                0x000000000800bbca       0x82 ./Drivers/STM32G4xx_HAL_Driver/stm32g4xx_hal_uart.o
 .text.UART_EndRxTransfer
                0x000000000800bc4c       0xcc ./Drivers/STM32G4xx_HAL_Driver/stm32g4xx_hal_uart.o
 .text.UART_DMATransmitCplt
                0x000000000800bd18       0x9a ./Drivers/STM32G4xx_HAL_Driver/stm32g4xx_hal_uart.o
 .text.UART_DMATxHalfCplt
                0x000000000800bdb2       0x1c ./Drivers/STM32G4xx_HAL_Driver/stm32g4xx_hal_uart.o
 .text.UART_DMAError
                0x000000000800bdce       0x80 ./Drivers/STM32G4xx_HAL_Driver/stm32g4xx_hal_uart.o
 .text.UART_DMAAbortOnError
                0x000000000800be4e       0x2c ./Drivers/STM32G4xx_HAL_Driver/stm32g4xx_hal_uart.o
 .text.UART_EndTransmit_IT
                0x000000000800be7a       0x56 ./Drivers/STM32G4xx_HAL_Driver/stm32g4xx_hal_uart.o
 .text.HAL_UARTEx_WakeupCallback
                0x000000000800bed0       0x14 ./Drivers/STM32G4xx_HAL_Driver/stm32g4xx_hal_uart_ex.o
                0x000000000800bed0                HAL_UARTEx_WakeupCallback
 .text.HAL_UARTEx_RxFifoFullCallback
                0x000000000800bee4       0x14 ./Drivers/STM32G4xx_HAL_Driver/stm32g4xx_hal_uart_ex.o
                0x000000000800bee4                HAL_UARTEx_RxFifoFullCallback
 .text.HAL_UARTEx_TxFifoEmptyCallback
                0x000000000800bef8       0x14 ./Drivers/STM32G4xx_HAL_Driver/stm32g4xx_hal_uart_ex.o
                0x000000000800bef8                HAL_UARTEx_TxFifoEmptyCallback
 .text.HAL_UARTEx_DisableFifoMode
                0x000000000800bf0c       0x72 ./Drivers/STM32G4xx_HAL_Driver/stm32g4xx_hal_uart_ex.o
                0x000000000800bf0c                HAL_UARTEx_DisableFifoMode
 .text.HAL_UARTEx_SetTxFifoThreshold
                0x000000000800bf7e       0x7c ./Drivers/STM32G4xx_HAL_Driver/stm32g4xx_hal_uart_ex.o
                0x000000000800bf7e                HAL_UARTEx_SetTxFifoThreshold
 .text.HAL_UARTEx_SetRxFifoThreshold
                0x000000000800bffa       0x7c ./Drivers/STM32G4xx_HAL_Driver/stm32g4xx_hal_uart_ex.o
                0x000000000800bffa                HAL_UARTEx_SetRxFifoThreshold
 *fill*         0x000000000800c076        0x2 
 .text.UARTEx_SetNbDataToProcess
                0x000000000800c078       0x9c ./Drivers/STM32G4xx_HAL_Driver/stm32g4xx_hal_uart_ex.o
 .text._vsnprintf_r
                0x000000000800c114       0x56 C:/ST/STM32CubeIDE_1.13.2/STM32CubeIDE/plugins/com.st.stm32cube.ide.mcu.externaltools.gnu-tools-for-stm32.11.3.rel1.win32_1.1.1.202309131626/tools/bin/../lib/gcc/arm-none-eabi/11.3.1/../../../../arm-none-eabi/lib/thumb/v7e-m+fp/hard\libc_nano.a(libc_a-vsnprintf.o)
                0x000000000800c114                _vsniprintf_r
                0x000000000800c114                _vsnprintf_r
 *fill*         0x000000000800c16a        0x2 
 .text.vsnprintf
                0x000000000800c16c       0x1c C:/ST/STM32CubeIDE_1.13.2/STM32CubeIDE/plugins/com.st.stm32cube.ide.mcu.externaltools.gnu-tools-for-stm32.11.3.rel1.win32_1.1.1.202309131626/tools/bin/../lib/gcc/arm-none-eabi/11.3.1/../../../../arm-none-eabi/lib/thumb/v7e-m+fp/hard\libc_nano.a(libc_a-vsnprintf.o)
                0x000000000800c16c                vsniprintf
                0x000000000800c16c                vsnprintf
 .text.memset   0x000000000800c188       0x10 C:/ST/STM32CubeIDE_1.13.2/STM32CubeIDE/plugins/com.st.stm32cube.ide.mcu.externaltools.gnu-tools-for-stm32.11.3.rel1.win32_1.1.1.202309131626/tools/bin/../lib/gcc/arm-none-eabi/11.3.1/../../../../arm-none-eabi/lib/thumb/v7e-m+fp/hard\libc_nano.a(libc_a-memset.o)
                0x000000000800c188                memset
 .text.__errno  0x000000000800c198        0xc C:/ST/STM32CubeIDE_1.13.2/STM32CubeIDE/plugins/com.st.stm32cube.ide.mcu.externaltools.gnu-tools-for-stm32.11.3.rel1.win32_1.1.1.202309131626/tools/bin/../lib/gcc/arm-none-eabi/11.3.1/../../../../arm-none-eabi/lib/thumb/v7e-m+fp/hard\libc_nano.a(libc_a-errno.o)
                0x000000000800c198                __errno
 .text.__libc_init_array
                0x000000000800c1a4       0x48 C:/ST/STM32CubeIDE_1.13.2/STM32CubeIDE/plugins/com.st.stm32cube.ide.mcu.externaltools.gnu-tools-for-stm32.11.3.rel1.win32_1.1.1.202309131626/tools/bin/../lib/gcc/arm-none-eabi/11.3.1/../../../../arm-none-eabi/lib/thumb/v7e-m+fp/hard\libc_nano.a(libc_a-init.o)
                0x000000000800c1a4                __libc_init_array
 .text.__retarget_lock_acquire_recursive
                0x000000000800c1ec        0x2 C:/ST/STM32CubeIDE_1.13.2/STM32CubeIDE/plugins/com.st.stm32cube.ide.mcu.externaltools.gnu-tools-for-stm32.11.3.rel1.win32_1.1.1.202309131626/tools/bin/../lib/gcc/arm-none-eabi/11.3.1/../../../../arm-none-eabi/lib/thumb/v7e-m+fp/hard\libc_nano.a(libc_a-lock.o)
                0x000000000800c1ec                __retarget_lock_acquire_recursive
 .text.__retarget_lock_release_recursive
                0x000000000800c1ee        0x2 C:/ST/STM32CubeIDE_1.13.2/STM32CubeIDE/plugins/com.st.stm32cube.ide.mcu.externaltools.gnu-tools-for-stm32.11.3.rel1.win32_1.1.1.202309131626/tools/bin/../lib/gcc/arm-none-eabi/11.3.1/../../../../arm-none-eabi/lib/thumb/v7e-m+fp/hard\libc_nano.a(libc_a-lock.o)
                0x000000000800c1ee                __retarget_lock_release_recursive
 .text.memcpy   0x000000000800c1f0       0x1c C:/ST/STM32CubeIDE_1.13.2/STM32CubeIDE/plugins/com.st.stm32cube.ide.mcu.externaltools.gnu-tools-for-stm32.11.3.rel1.win32_1.1.1.202309131626/tools/bin/../lib/gcc/arm-none-eabi/11.3.1/../../../../arm-none-eabi/lib/thumb/v7e-m+fp/hard\libc_nano.a(libc_a-memcpy-stub.o)
                0x000000000800c1f0                memcpy
 .text._free_r  0x000000000800c20c       0x98 C:/ST/STM32CubeIDE_1.13.2/STM32CubeIDE/plugins/com.st.stm32cube.ide.mcu.externaltools.gnu-tools-for-stm32.11.3.rel1.win32_1.1.1.202309131626/tools/bin/../lib/gcc/arm-none-eabi/11.3.1/../../../../arm-none-eabi/lib/thumb/v7e-m+fp/hard\libc_nano.a(libc_a-freer.o)
                0x000000000800c20c                _free_r
 .text.sbrk_aligned
                0x000000000800c2a4       0x40 C:/ST/STM32CubeIDE_1.13.2/STM32CubeIDE/plugins/com.st.stm32cube.ide.mcu.externaltools.gnu-tools-for-stm32.11.3.rel1.win32_1.1.1.202309131626/tools/bin/../lib/gcc/arm-none-eabi/11.3.1/../../../../arm-none-eabi/lib/thumb/v7e-m+fp/hard\libc_nano.a(libc_a-mallocr.o)
 .text._malloc_r
                0x000000000800c2e4      0x100 C:/ST/STM32CubeIDE_1.13.2/STM32CubeIDE/plugins/com.st.stm32cube.ide.mcu.externaltools.gnu-tools-for-stm32.11.3.rel1.win32_1.1.1.202309131626/tools/bin/../lib/gcc/arm-none-eabi/11.3.1/../../../../arm-none-eabi/lib/thumb/v7e-m+fp/hard\libc_nano.a(libc_a-mallocr.o)
                0x000000000800c2e4                _malloc_r
 .text.__malloc_lock
                0x000000000800c3e4        0xc C:/ST/STM32CubeIDE_1.13.2/STM32CubeIDE/plugins/com.st.stm32cube.ide.mcu.externaltools.gnu-tools-for-stm32.11.3.rel1.win32_1.1.1.202309131626/tools/bin/../lib/gcc/arm-none-eabi/11.3.1/../../../../arm-none-eabi/lib/thumb/v7e-m+fp/hard\libc_nano.a(libc_a-mlock.o)
                0x000000000800c3e4                __malloc_lock
 .text.__malloc_unlock
                0x000000000800c3f0        0xc C:/ST/STM32CubeIDE_1.13.2/STM32CubeIDE/plugins/com.st.stm32cube.ide.mcu.externaltools.gnu-tools-for-stm32.11.3.rel1.win32_1.1.1.202309131626/tools/bin/../lib/gcc/arm-none-eabi/11.3.1/../../../../arm-none-eabi/lib/thumb/v7e-m+fp/hard\libc_nano.a(libc_a-mlock.o)
                0x000000000800c3f0                __malloc_unlock
 .text.__ssputs_r
                0x000000000800c3fc       0xb4 C:/ST/STM32CubeIDE_1.13.2/STM32CubeIDE/plugins/com.st.stm32cube.ide.mcu.externaltools.gnu-tools-for-stm32.11.3.rel1.win32_1.1.1.202309131626/tools/bin/../lib/gcc/arm-none-eabi/11.3.1/../../../../arm-none-eabi/lib/thumb/v7e-m+fp/hard\libc_nano.a(libc_a-nano-svfprintf.o)
                0x000000000800c3fc                __ssputs_r
 .text._svfprintf_r
                0x000000000800c4b0      0x1fc C:/ST/STM32CubeIDE_1.13.2/STM32CubeIDE/plugins/com.st.stm32cube.ide.mcu.externaltools.gnu-tools-for-stm32.11.3.rel1.win32_1.1.1.202309131626/tools/bin/../lib/gcc/arm-none-eabi/11.3.1/../../../../arm-none-eabi/lib/thumb/v7e-m+fp/hard\libc_nano.a(libc_a-nano-svfprintf.o)
                0x000000000800c4b0                _svfiprintf_r
                0x000000000800c4b0                _svfprintf_r
 .text._printf_common
                0x000000000800c6ac       0xda C:/ST/STM32CubeIDE_1.13.2/STM32CubeIDE/plugins/com.st.stm32cube.ide.mcu.externaltools.gnu-tools-for-stm32.11.3.rel1.win32_1.1.1.202309131626/tools/bin/../lib/gcc/arm-none-eabi/11.3.1/../../../../arm-none-eabi/lib/thumb/v7e-m+fp/hard\libc_nano.a(libc_a-nano-vfprintf_i.o)
                0x000000000800c6ac                _printf_common
 *fill*         0x000000000800c786        0x2 
 .text._printf_i
                0x000000000800c788      0x244 C:/ST/STM32CubeIDE_1.13.2/STM32CubeIDE/plugins/com.st.stm32cube.ide.mcu.externaltools.gnu-tools-for-stm32.11.3.rel1.win32_1.1.1.202309131626/tools/bin/../lib/gcc/arm-none-eabi/11.3.1/../../../../arm-none-eabi/lib/thumb/v7e-m+fp/hard\libc_nano.a(libc_a-nano-vfprintf_i.o)
                0x000000000800c788                _printf_i
 .text.memmove  0x000000000800c9cc       0x34 C:/ST/STM32CubeIDE_1.13.2/STM32CubeIDE/plugins/com.st.stm32cube.ide.mcu.externaltools.gnu-tools-for-stm32.11.3.rel1.win32_1.1.1.202309131626/tools/bin/../lib/gcc/arm-none-eabi/11.3.1/../../../../arm-none-eabi/lib/thumb/v7e-m+fp/hard\libc_nano.a(libc_a-memmove.o)
                0x000000000800c9cc                memmove
 .text._sbrk_r  0x000000000800ca00       0x20 C:/ST/STM32CubeIDE_1.13.2/STM32CubeIDE/plugins/com.st.stm32cube.ide.mcu.externaltools.gnu-tools-for-stm32.11.3.rel1.win32_1.1.1.202309131626/tools/bin/../lib/gcc/arm-none-eabi/11.3.1/../../../../arm-none-eabi/lib/thumb/v7e-m+fp/hard\libc_nano.a(libc_a-sbrkr.o)
                0x000000000800ca00                _sbrk_r
 .text._realloc_r
                0x000000000800ca20       0x5e C:/ST/STM32CubeIDE_1.13.2/STM32CubeIDE/plugins/com.st.stm32cube.ide.mcu.externaltools.gnu-tools-for-stm32.11.3.rel1.win32_1.1.1.202309131626/tools/bin/../lib/gcc/arm-none-eabi/11.3.1/../../../../arm-none-eabi/lib/thumb/v7e-m+fp/hard\libc_nano.a(libc_a-reallocr.o)
                0x000000000800ca20                _realloc_r
 .text._malloc_usable_size_r
                0x000000000800ca7e       0x10 C:/ST/STM32CubeIDE_1.13.2/STM32CubeIDE/plugins/com.st.stm32cube.ide.mcu.externaltools.gnu-tools-for-stm32.11.3.rel1.win32_1.1.1.202309131626/tools/bin/../lib/gcc/arm-none-eabi/11.3.1/../../../../arm-none-eabi/lib/thumb/v7e-m+fp/hard\libc_nano.a(libc_a-msizer.o)
                0x000000000800ca7e                _malloc_usable_size_r
 *(.glue_7)
 .glue_7        0x000000000800ca8e        0x0 linker stubs
 *(.glue_7t)
 .glue_7t       0x000000000800ca8e        0x0 linker stubs
 *(.eh_frame)
 *fill*         0x000000000800ca8e        0x2 
 .eh_frame      0x000000000800ca90        0x0 C:/ST/STM32CubeIDE_1.13.2/STM32CubeIDE/plugins/com.st.stm32cube.ide.mcu.externaltools.gnu-tools-for-stm32.11.3.rel1.win32_1.1.1.202309131626/tools/bin/../lib/gcc/arm-none-eabi/11.3.1/thumb/v7e-m+fp/hard/crtbegin.o
 *(.init)
 .init          0x000000000800ca90        0x4 C:/ST/STM32CubeIDE_1.13.2/STM32CubeIDE/plugins/com.st.stm32cube.ide.mcu.externaltools.gnu-tools-for-stm32.11.3.rel1.win32_1.1.1.202309131626/tools/bin/../lib/gcc/arm-none-eabi/11.3.1/thumb/v7e-m+fp/hard/crti.o
                0x000000000800ca90                _init
 .init          0x000000000800ca94        0x8 C:/ST/STM32CubeIDE_1.13.2/STM32CubeIDE/plugins/com.st.stm32cube.ide.mcu.externaltools.gnu-tools-for-stm32.11.3.rel1.win32_1.1.1.202309131626/tools/bin/../lib/gcc/arm-none-eabi/11.3.1/thumb/v7e-m+fp/hard/crtn.o
 *(.fini)
 .fini          0x000000000800ca9c        0x4 C:/ST/STM32CubeIDE_1.13.2/STM32CubeIDE/plugins/com.st.stm32cube.ide.mcu.externaltools.gnu-tools-for-stm32.11.3.rel1.win32_1.1.1.202309131626/tools/bin/../lib/gcc/arm-none-eabi/11.3.1/thumb/v7e-m+fp/hard/crti.o
                0x000000000800ca9c                _fini
 .fini          0x000000000800caa0        0x8 C:/ST/STM32CubeIDE_1.13.2/STM32CubeIDE/plugins/com.st.stm32cube.ide.mcu.externaltools.gnu-tools-for-stm32.11.3.rel1.win32_1.1.1.202309131626/tools/bin/../lib/gcc/arm-none-eabi/11.3.1/thumb/v7e-m+fp/hard/crtn.o
                0x000000000800caa8                . = ALIGN (0x4)
                0x000000000800caa8                _etext = .

.vfp11_veneer   0x000000000800caa8        0x0
 .vfp11_veneer  0x000000000800caa8        0x0 linker stubs

.v4_bx          0x000000000800caa8        0x0
 .v4_bx         0x000000000800caa8        0x0 linker stubs

.iplt           0x000000000800caa8        0x0
 .iplt          0x000000000800caa8        0x0 C:/ST/STM32CubeIDE_1.13.2/STM32CubeIDE/plugins/com.st.stm32cube.ide.mcu.externaltools.gnu-tools-for-stm32.11.3.rel1.win32_1.1.1.202309131626/tools/bin/../lib/gcc/arm-none-eabi/11.3.1/thumb/v7e-m+fp/hard/crtbegin.o

.rodata         0x000000000800caa8       0xb8
                0x000000000800caa8                . = ALIGN (0x4)
 *(.rodata)
 .rodata        0x000000000800caa8       0x34 ./Application/BLDC_FOC.o
 *(.rodata*)
 .rodata.AHBPrescTable
                0x000000000800cadc       0x10 ./Core/Src/system_stm32g4xx.o
                0x000000000800cadc                AHBPrescTable
 .rodata.APBPrescTable
                0x000000000800caec        0x8 ./Core/Src/system_stm32g4xx.o
                0x000000000800caec                APBPrescTable
 .rodata.DLCtoBytes
                0x000000000800caf4       0x10 ./Drivers/STM32G4xx_HAL_Driver/stm32g4xx_hal_fdcan.o
 .rodata.UARTPrescTable
                0x000000000800cb04       0x18 ./Drivers/STM32G4xx_HAL_Driver/stm32g4xx_hal_uart.o
                0x000000000800cb04                UARTPrescTable
 .rodata.numerator.1
                0x000000000800cb1c        0x8 ./Drivers/STM32G4xx_HAL_Driver/stm32g4xx_hal_uart_ex.o
 .rodata.denominator.0
                0x000000000800cb24        0x8 ./Drivers/STM32G4xx_HAL_Driver/stm32g4xx_hal_uart_ex.o
 .rodata._svfprintf_r.str1.1
                0x000000000800cb2c       0x11 C:/ST/STM32CubeIDE_1.13.2/STM32CubeIDE/plugins/com.st.stm32cube.ide.mcu.externaltools.gnu-tools-for-stm32.11.3.rel1.win32_1.1.1.202309131626/tools/bin/../lib/gcc/arm-none-eabi/11.3.1/../../../../arm-none-eabi/lib/thumb/v7e-m+fp/hard\libc_nano.a(libc_a-nano-svfprintf.o)
 .rodata._printf_i.str1.1
                0x000000000800cb3d       0x22 C:/ST/STM32CubeIDE_1.13.2/STM32CubeIDE/plugins/com.st.stm32cube.ide.mcu.externaltools.gnu-tools-for-stm32.11.3.rel1.win32_1.1.1.202309131626/tools/bin/../lib/gcc/arm-none-eabi/11.3.1/../../../../arm-none-eabi/lib/thumb/v7e-m+fp/hard\libc_nano.a(libc_a-nano-vfprintf_i.o)
                0x000000000800cb60                . = ALIGN (0x4)
 *fill*         0x000000000800cb5f        0x1 

.ARM.extab      0x000000000800cb60        0x0
                0x000000000800cb60                . = ALIGN (0x4)
 *(.ARM.extab* .gnu.linkonce.armextab.*)
                0x000000000800cb60                . = ALIGN (0x4)

.ARM            0x000000000800cb60        0x8
                0x000000000800cb60                . = ALIGN (0x4)
                0x000000000800cb60                __exidx_start = .
 *(.ARM.exidx*)
 .ARM.exidx     0x000000000800cb60        0x8 C:/ST/STM32CubeIDE_1.13.2/STM32CubeIDE/plugins/com.st.stm32cube.ide.mcu.externaltools.gnu-tools-for-stm32.11.3.rel1.win32_1.1.1.202309131626/tools/bin/../lib/gcc/arm-none-eabi/11.3.1/thumb/v7e-m+fp/hard\libgcc.a(_udivmoddi4.o)
                0x000000000800cb68                __exidx_end = .
                0x000000000800cb68                . = ALIGN (0x4)

.rel.dyn        0x000000000800cb68        0x0
 .rel.iplt      0x000000000800cb68        0x0 C:/ST/STM32CubeIDE_1.13.2/STM32CubeIDE/plugins/com.st.stm32cube.ide.mcu.externaltools.gnu-tools-for-stm32.11.3.rel1.win32_1.1.1.202309131626/tools/bin/../lib/gcc/arm-none-eabi/11.3.1/thumb/v7e-m+fp/hard/crtbegin.o

.preinit_array  0x000000000800cb68        0x0
                0x000000000800cb68                . = ALIGN (0x4)
                0x000000000800cb68                PROVIDE (__preinit_array_start = .)
 *(.preinit_array*)
                0x000000000800cb68                PROVIDE (__preinit_array_end = .)
                0x000000000800cb68                . = ALIGN (0x4)

.init_array     0x000000000800cb68        0x4
                0x000000000800cb68                . = ALIGN (0x4)
                0x000000000800cb68                PROVIDE (__init_array_start = .)
 *(SORT_BY_NAME(.init_array.*))
 *(.init_array*)
 .init_array    0x000000000800cb68        0x4 C:/ST/STM32CubeIDE_1.13.2/STM32CubeIDE/plugins/com.st.stm32cube.ide.mcu.externaltools.gnu-tools-for-stm32.11.3.rel1.win32_1.1.1.202309131626/tools/bin/../lib/gcc/arm-none-eabi/11.3.1/thumb/v7e-m+fp/hard/crtbegin.o
                0x000000000800cb6c                PROVIDE (__init_array_end = .)
                0x000000000800cb6c                . = ALIGN (0x4)

.fini_array     0x000000000800cb6c        0x4
                0x000000000800cb6c                . = ALIGN (0x4)
                [!provide]                        PROVIDE (__fini_array_start = .)
 *(SORT_BY_NAME(.fini_array.*))
 *(.fini_array*)
 .fini_array    0x000000000800cb6c        0x4 C:/ST/STM32CubeIDE_1.13.2/STM32CubeIDE/plugins/com.st.stm32cube.ide.mcu.externaltools.gnu-tools-for-stm32.11.3.rel1.win32_1.1.1.202309131626/tools/bin/../lib/gcc/arm-none-eabi/11.3.1/thumb/v7e-m+fp/hard/crtbegin.o
                [!provide]                        PROVIDE (__fini_array_end = .)
                0x000000000800cb70                . = ALIGN (0x4)
                0x000000000800cb70                _sidata = LOADADDR (.data)

.data           0x0000000020000000      0x134 load address 0x000000000800cb70
                0x0000000020000000                . = ALIGN (0x4)
                0x0000000020000000                _sdata = .
 *(.data)
 *(.data*)
 .data.FIR_INPULSE_RESPONSE
                0x0000000020000000       0x28 ./Application/BLDC_FOC.o
 .data.LIMIT_Encoder_1
                0x0000000020000028       0x18 ./Application/BLDC_FOC.o
                0x0000000020000028                LIMIT_Encoder_1
 .data.LIMIT_Encoder_2
                0x0000000020000040       0x18 ./Application/BLDC_FOC.o
                0x0000000020000040                LIMIT_Encoder_2
 .data.LIMIT_V_BAT
                0x0000000020000058       0x18 ./Application/BLDC_FOC.o
                0x0000000020000058                LIMIT_V_BAT
 .data.LIMIT_V_AUX
                0x0000000020000070       0x18 ./Application/BLDC_FOC.o
                0x0000000020000070                LIMIT_V_AUX
 .data.LIMIT_temp
                0x0000000020000088       0x18 ./Application/BLDC_FOC.o
                0x0000000020000088                LIMIT_temp
 .data.LIMIT_Current
                0x00000000200000a0       0x18 ./Application/BLDC_FOC.o
                0x00000000200000a0                LIMIT_Current
 .data.LIMIT_Velocity
                0x00000000200000b8       0x18 ./Application/BLDC_FOC.o
                0x00000000200000b8                LIMIT_Velocity
 .data.uart_handle_p
                0x00000000200000d0        0x4 ./Application/Print_server.o
                0x00000000200000d0                uart_handle_p
 .data.vrefint  0x00000000200000d4        0x4 ./Application/current_ADC.o
                0x00000000200000d4                vrefint
 .data.SystemCoreClock
                0x00000000200000d8        0x4 ./Core/Src/system_stm32g4xx.o
                0x00000000200000d8                SystemCoreClock
 .data.uwTickPrio
                0x00000000200000dc        0x4 ./Drivers/STM32G4xx_HAL_Driver/stm32g4xx_hal.o
                0x00000000200000dc                uwTickPrio
 .data.uwTickFreq
                0x00000000200000e0        0x4 ./Drivers/STM32G4xx_HAL_Driver/stm32g4xx_hal.o
                0x00000000200000e0                uwTickFreq
 .data._impure_data
                0x00000000200000e4       0x4c C:/ST/STM32CubeIDE_1.13.2/STM32CubeIDE/plugins/com.st.stm32cube.ide.mcu.externaltools.gnu-tools-for-stm32.11.3.rel1.win32_1.1.1.202309131626/tools/bin/../lib/gcc/arm-none-eabi/11.3.1/../../../../arm-none-eabi/lib/thumb/v7e-m+fp/hard\libc_nano.a(libc_a-impure.o)
                0x00000000200000e4                _impure_data
 .data._impure_ptr
                0x0000000020000130        0x4 C:/ST/STM32CubeIDE_1.13.2/STM32CubeIDE/plugins/com.st.stm32cube.ide.mcu.externaltools.gnu-tools-for-stm32.11.3.rel1.win32_1.1.1.202309131626/tools/bin/../lib/gcc/arm-none-eabi/11.3.1/../../../../arm-none-eabi/lib/thumb/v7e-m+fp/hard\libc_nano.a(libc_a-impure.o)
                0x0000000020000130                _impure_ptr
 *(.RamFunc)
 *(.RamFunc*)
                0x0000000020000134                . = ALIGN (0x4)
                0x0000000020000134                _edata = .

.igot.plt       0x0000000020000134        0x0 load address 0x000000000800cca4
 .igot.plt      0x0000000020000134        0x0 C:/ST/STM32CubeIDE_1.13.2/STM32CubeIDE/plugins/com.st.stm32cube.ide.mcu.externaltools.gnu-tools-for-stm32.11.3.rel1.win32_1.1.1.202309131626/tools/bin/../lib/gcc/arm-none-eabi/11.3.1/thumb/v7e-m+fp/hard/crtbegin.o
                0x0000000020000134                . = ALIGN (0x4)

.bss            0x0000000020000134      0xda4 load address 0x000000000800cca4
                0x0000000020000134                _sbss = .
                0x0000000020000134                __bss_start__ = _sbss
 *(.bss)
 .bss           0x0000000020000134       0x1c C:/ST/STM32CubeIDE_1.13.2/STM32CubeIDE/plugins/com.st.stm32cube.ide.mcu.externaltools.gnu-tools-for-stm32.11.3.rel1.win32_1.1.1.202309131626/tools/bin/../lib/gcc/arm-none-eabi/11.3.1/thumb/v7e-m+fp/hard/crtbegin.o
 *(.bss*)
 .bss.Current_Callback_flag
                0x0000000020000150        0x1 ./Application/BLDC_FOC.o
                0x0000000020000150                Current_Callback_flag
 *fill*         0x0000000020000151        0x3 
 .bss.timing_CAN_feedback
                0x0000000020000154        0x4 ./Application/BLDC_FOC.o
                0x0000000020000154                timing_CAN_feedback
 .bss.running_LED_timing
                0x0000000020000158        0x4 ./Application/BLDC_FOC.o
                0x0000000020000158                running_LED_timing
 .bss.error     0x000000002000015c        0x4 ./Application/BLDC_FOC.o
                0x000000002000015c                error
 .bss.IRQ_Current
                0x0000000020000160       0x10 ./Application/BLDC_FOC.o
                0x0000000020000160                IRQ_Current
 .bss.IRQ_Voltage_Temp
                0x0000000020000170        0x8 ./Application/BLDC_FOC.o
                0x0000000020000170                IRQ_Voltage_Temp
 .bss.IRQ_Encoders
                0x0000000020000178       0x14 ./Application/BLDC_FOC.o
                0x0000000020000178                IRQ_Encoders
 .bss.FIR_index
                0x000000002000018c        0x1 ./Application/BLDC_FOC.o
                0x000000002000018c                FIR_index
 *fill*         0x000000002000018d        0x3 
 .bss.FIR_Values
                0x0000000020000190       0x28 ./Application/BLDC_FOC.o
                0x0000000020000190                FIR_Values
 .bss.IRQ_Status
                0x00000000200001b8        0xc ./Application/BLDC_FOC.o
                0x00000000200001b8                IRQ_Status
 .bss.Feedback  0x00000000200001c4       0x40 ./Application/BLDC_FOC.o
                0x00000000200001c4                Feedback
 .bss.Current_PID
                0x0000000020000204       0x40 ./Application/BLDC_FOC.o
                0x0000000020000204                Current_PID
 .bss.Velocity_PID
                0x0000000020000244       0x40 ./Application/BLDC_FOC.o
                0x0000000020000244                Velocity_PID
 .bss.Angle_PID
                0x0000000020000284       0x40 ./Application/BLDC_FOC.o
                0x0000000020000284                Angle_PID
 .bss.SPI1_tx_buff
                0x00000000200002c4        0x5 ./Application/Encoders_SPI.o
                0x00000000200002c4                SPI1_tx_buff
 *fill*         0x00000000200002c9        0x3 
 .bss.SPI1_rx_buff
                0x00000000200002cc        0x5 ./Application/Encoders_SPI.o
                0x00000000200002cc                SPI1_rx_buff
 *fill*         0x00000000200002d1        0x3 
 .bss.SPI3_tx_buff
                0x00000000200002d4        0x5 ./Application/Encoders_SPI.o
                0x00000000200002d4                SPI3_tx_buff
 *fill*         0x00000000200002d9        0x3 
 .bss.SPI3_rx_buff
                0x00000000200002dc        0x5 ./Application/Encoders_SPI.o
                0x00000000200002dc                SPI3_rx_buff
 *fill*         0x00000000200002e1        0x3 
 .bss.Encoders_IRQ_callback
                0x00000000200002e4        0x4 ./Application/Encoders_SPI.o
                0x00000000200002e4                Encoders_IRQ_callback
 .bss.data_encoders
                0x00000000200002e8       0x14 ./Application/Encoders_SPI.o
                0x00000000200002e8                data_encoders
 .bss.velocity_accumulate
                0x00000000200002fc        0x4 ./Application/Encoders_SPI.o
                0x00000000200002fc                velocity_accumulate
 .bss.last_pos  0x0000000020000300        0x4 ./Application/Encoders_SPI.o
                0x0000000020000300                last_pos
 .bss.velocity_index
                0x0000000020000304        0x1 ./Application/Encoders_SPI.o
                0x0000000020000304                velocity_index
 *fill*         0x0000000020000305        0x3 
 .bss.velocity_array
                0x0000000020000308      0x190 ./Application/Encoders_SPI.o
                0x0000000020000308                velocity_array
 .bss.buff      0x0000000020000498      0x200 ./Application/Print_server.o
                0x0000000020000498                buff
 .bss.adc_result_DMA
                0x0000000020000698       0x20 ./Application/current_ADC.o
                0x0000000020000698                adc_result_DMA
 .bss.VT_adc_result_DMA
                0x00000000200006b8       0x20 ./Application/current_ADC.o
                0x00000000200006b8                VT_adc_result_DMA
 .bss.Voltage_offset
                0x00000000200006d8        0xc ./Application/current_ADC.o
                0x00000000200006d8                Voltage_offset
 .bss.VDDA      0x00000000200006e4        0x2 ./Application/current_ADC.o
                0x00000000200006e4                VDDA
 *fill*         0x00000000200006e6        0x2 
 .bss.Curent_IRQ_callback
                0x00000000200006e8        0x4 ./Application/current_ADC.o
                0x00000000200006e8                Curent_IRQ_callback
 .bss.data      0x00000000200006ec       0x10 ./Application/current_ADC.o
                0x00000000200006ec                data
 .bss.VT_IRQ_callback
                0x00000000200006fc        0x4 ./Application/current_ADC.o
                0x00000000200006fc                VT_IRQ_callback
 .bss.VT_data   0x0000000020000700        0x8 ./Application/current_ADC.o
                0x0000000020000700                VT_data
 .bss.calibrating
                0x0000000020000708        0x2 ./Application/current_ADC.o
                0x0000000020000708                calibrating
 *fill*         0x000000002000070a        0x2 
 .bss.Voltage_offset_temp
                0x000000002000070c        0xc ./Application/current_ADC.o
                0x000000002000070c                Voltage_offset_temp
 .bss.FDCAN_listCallbacks
                0x0000000020000718       0x50 ./Application/fdcandriver.o
 .bss.FDCAN_listCallbacksCount
                0x0000000020000768        0x4 ./Application/fdcandriver.o
 .bss.hadc1     0x000000002000076c       0x6c ./Core/Src/adc.o
                0x000000002000076c                hadc1
 .bss.hadc2     0x00000000200007d8       0x6c ./Core/Src/adc.o
                0x00000000200007d8                hadc2
 .bss.hdma_adc1
                0x0000000020000844       0x60 ./Core/Src/adc.o
                0x0000000020000844                hdma_adc1
 .bss.hdma_adc2
                0x00000000200008a4       0x60 ./Core/Src/adc.o
                0x00000000200008a4                hdma_adc2
 .bss.HAL_RCC_ADC12_CLK_ENABLED
                0x0000000020000904        0x4 ./Core/Src/adc.o
 .bss.hdac1     0x0000000020000908       0x14 ./Core/Src/dac.o
                0x0000000020000908                hdac1
 .bss.hfdcan1   0x000000002000091c       0x64 ./Core/Src/fdcan.o
                0x000000002000091c                hfdcan1
 .bss.hfmac     0x0000000020000980       0x38 ./Core/Src/fmac.o
                0x0000000020000980                hfmac
 .bss.hspi1     0x00000000200009b8       0x64 ./Core/Src/spi.o
                0x00000000200009b8                hspi1
 .bss.hspi3     0x0000000020000a1c       0x64 ./Core/Src/spi.o
                0x0000000020000a1c                hspi3
 .bss.hdma_spi1_rx
                0x0000000020000a80       0x60 ./Core/Src/spi.o
                0x0000000020000a80                hdma_spi1_rx
 .bss.hdma_spi1_tx
                0x0000000020000ae0       0x60 ./Core/Src/spi.o
                0x0000000020000ae0                hdma_spi1_tx
 .bss.hdma_spi3_rx
                0x0000000020000b40       0x60 ./Core/Src/spi.o
                0x0000000020000b40                hdma_spi3_rx
 .bss.hdma_spi3_tx
                0x0000000020000ba0       0x60 ./Core/Src/spi.o
                0x0000000020000ba0                hdma_spi3_tx
 .bss.__sbrk_heap_end
                0x0000000020000c00        0x4 ./Core/Src/sysmem.o
 .bss.htim1     0x0000000020000c04       0x4c ./Core/Src/tim.o
                0x0000000020000c04                htim1
 .bss.htim3     0x0000000020000c50       0x4c ./Core/Src/tim.o
                0x0000000020000c50                htim3
 .bss.huart1    0x0000000020000c9c       0x90 ./Core/Src/usart.o
                0x0000000020000c9c                huart1
 .bss.hdma_usart1_tx
                0x0000000020000d2c       0x60 ./Core/Src/usart.o
                0x0000000020000d2c                hdma_usart1_tx
 .bss.uwTick    0x0000000020000d8c        0x4 ./Drivers/STM32G4xx_HAL_Driver/stm32g4xx_hal.o
                0x0000000020000d8c                uwTick
 .bss.__sf      0x0000000020000d90      0x138 C:/ST/STM32CubeIDE_1.13.2/STM32CubeIDE/plugins/com.st.stm32cube.ide.mcu.externaltools.gnu-tools-for-stm32.11.3.rel1.win32_1.1.1.202309131626/tools/bin/../lib/gcc/arm-none-eabi/11.3.1/../../../../arm-none-eabi/lib/thumb/v7e-m+fp/hard\libc_nano.a(libc_a-findfp.o)
                0x0000000020000d90                __sf
 .bss.errno     0x0000000020000ec8        0x4 C:/ST/STM32CubeIDE_1.13.2/STM32CubeIDE/plugins/com.st.stm32cube.ide.mcu.externaltools.gnu-tools-for-stm32.11.3.rel1.win32_1.1.1.202309131626/tools/bin/../lib/gcc/arm-none-eabi/11.3.1/../../../../arm-none-eabi/lib/thumb/v7e-m+fp/hard\libc_nano.a(libc_a-reent.o)
                0x0000000020000ec8                errno
 .bss.__lock___malloc_recursive_mutex
                0x0000000020000ecc        0x1 C:/ST/STM32CubeIDE_1.13.2/STM32CubeIDE/plugins/com.st.stm32cube.ide.mcu.externaltools.gnu-tools-for-stm32.11.3.rel1.win32_1.1.1.202309131626/tools/bin/../lib/gcc/arm-none-eabi/11.3.1/../../../../arm-none-eabi/lib/thumb/v7e-m+fp/hard\libc_nano.a(libc_a-lock.o)
                0x0000000020000ecc                __lock___malloc_recursive_mutex
 *fill*         0x0000000020000ecd        0x3 
 .bss.__malloc_free_list
                0x0000000020000ed0        0x4 C:/ST/STM32CubeIDE_1.13.2/STM32CubeIDE/plugins/com.st.stm32cube.ide.mcu.externaltools.gnu-tools-for-stm32.11.3.rel1.win32_1.1.1.202309131626/tools/bin/../lib/gcc/arm-none-eabi/11.3.1/../../../../arm-none-eabi/lib/thumb/v7e-m+fp/hard\libc_nano.a(libc_a-mallocr.o)
                0x0000000020000ed0                __malloc_free_list
 .bss.__malloc_sbrk_start
                0x0000000020000ed4        0x4 C:/ST/STM32CubeIDE_1.13.2/STM32CubeIDE/plugins/com.st.stm32cube.ide.mcu.externaltools.gnu-tools-for-stm32.11.3.rel1.win32_1.1.1.202309131626/tools/bin/../lib/gcc/arm-none-eabi/11.3.1/../../../../arm-none-eabi/lib/thumb/v7e-m+fp/hard\libc_nano.a(libc_a-mallocr.o)
                0x0000000020000ed4                __malloc_sbrk_start
 *(COMMON)
                0x0000000020000ed8                . = ALIGN (0x4)
                0x0000000020000ed8                _ebss = .
                0x0000000020000ed8                __bss_end__ = _ebss

._user_heap_stack
                0x0000000020000ed8      0x600 load address 0x000000000800cca4
                0x0000000020000ed8                . = ALIGN (0x8)
                [!provide]                        PROVIDE (end = .)
                0x0000000020000ed8                PROVIDE (_end = .)
                0x00000000200010d8                . = (. + _Min_Heap_Size)
 *fill*         0x0000000020000ed8      0x200 
                0x00000000200014d8                . = (. + _Min_Stack_Size)
 *fill*         0x00000000200010d8      0x400 
                0x00000000200014d8                . = ALIGN (0x8)

/DISCARD/
 libc.a(*)
 libm.a(*)
 libgcc.a(*)

.ARM.attributes
                0x0000000000000000       0x30
 *(.ARM.attributes)
 .ARM.attributes
                0x0000000000000000       0x1e C:/ST/STM32CubeIDE_1.13.2/STM32CubeIDE/plugins/com.st.stm32cube.ide.mcu.externaltools.gnu-tools-for-stm32.11.3.rel1.win32_1.1.1.202309131626/tools/bin/../lib/gcc/arm-none-eabi/11.3.1/thumb/v7e-m+fp/hard/crti.o
 .ARM.attributes
                0x000000000000001e       0x34 C:/ST/STM32CubeIDE_1.13.2/STM32CubeIDE/plugins/com.st.stm32cube.ide.mcu.externaltools.gnu-tools-for-stm32.11.3.rel1.win32_1.1.1.202309131626/tools/bin/../lib/gcc/arm-none-eabi/11.3.1/thumb/v7e-m+fp/hard/crtbegin.o
 .ARM.attributes
                0x0000000000000052       0x34 ./Application/BLDC_FOC.o
 .ARM.attributes
                0x0000000000000086       0x34 ./Application/CTRL.o
 .ARM.attributes
                0x00000000000000ba       0x34 ./Application/Encoders_SPI.o
 .ARM.attributes
                0x00000000000000ee       0x34 ./Application/PID.o
 .ARM.attributes
                0x0000000000000122       0x34 ./Application/Print_server.o
 .ARM.attributes
                0x0000000000000156       0x34 ./Application/current_ADC.o
 .ARM.attributes
                0x000000000000018a       0x34 ./Application/fdcandriver.o
 .ARM.attributes
                0x00000000000001be       0x34 ./Core/Src/adc.o
 .ARM.attributes
                0x00000000000001f2       0x34 ./Core/Src/dac.o
 .ARM.attributes
                0x0000000000000226       0x34 ./Core/Src/dma.o
 .ARM.attributes
                0x000000000000025a       0x34 ./Core/Src/fdcan.o
 .ARM.attributes
                0x000000000000028e       0x34 ./Core/Src/fmac.o
 .ARM.attributes
                0x00000000000002c2       0x34 ./Core/Src/gpio.o
 .ARM.attributes
                0x00000000000002f6       0x34 ./Core/Src/main.o
 .ARM.attributes
                0x000000000000032a       0x34 ./Core/Src/spi.o
 .ARM.attributes
                0x000000000000035e       0x34 ./Core/Src/stm32g4xx_hal_msp.o
 .ARM.attributes
                0x0000000000000392       0x34 ./Core/Src/stm32g4xx_it.o
 .ARM.attributes
                0x00000000000003c6       0x34 ./Core/Src/sysmem.o
 .ARM.attributes
                0x00000000000003fa       0x34 ./Core/Src/system_stm32g4xx.o
 .ARM.attributes
                0x000000000000042e       0x34 ./Core/Src/tim.o
 .ARM.attributes
                0x0000000000000462       0x34 ./Core/Src/usart.o
 .ARM.attributes
                0x0000000000000496       0x21 ./Core/Startup/startup_stm32g431rbtx.o
 .ARM.attributes
                0x00000000000004b7       0x34 ./Drivers/STM32G4xx_HAL_Driver/stm32g4xx_hal.o
 .ARM.attributes
                0x00000000000004eb       0x34 ./Drivers/STM32G4xx_HAL_Driver/stm32g4xx_hal_adc.o
 .ARM.attributes
                0x000000000000051f       0x34 ./Drivers/STM32G4xx_HAL_Driver/stm32g4xx_hal_adc_ex.o
 .ARM.attributes
                0x0000000000000553       0x34 ./Drivers/STM32G4xx_HAL_Driver/stm32g4xx_hal_cortex.o
 .ARM.attributes
                0x0000000000000587       0x34 ./Drivers/STM32G4xx_HAL_Driver/stm32g4xx_hal_dac.o
 .ARM.attributes
                0x00000000000005bb       0x34 ./Drivers/STM32G4xx_HAL_Driver/stm32g4xx_hal_dma.o
 .ARM.attributes
                0x00000000000005ef       0x34 ./Drivers/STM32G4xx_HAL_Driver/stm32g4xx_hal_fdcan.o
 .ARM.attributes
                0x0000000000000623       0x34 ./Drivers/STM32G4xx_HAL_Driver/stm32g4xx_hal_fmac.o
 .ARM.attributes
                0x0000000000000657       0x34 ./Drivers/STM32G4xx_HAL_Driver/stm32g4xx_hal_gpio.o
 .ARM.attributes
                0x000000000000068b       0x34 ./Drivers/STM32G4xx_HAL_Driver/stm32g4xx_hal_pwr_ex.o
 .ARM.attributes
                0x00000000000006bf       0x34 ./Drivers/STM32G4xx_HAL_Driver/stm32g4xx_hal_rcc.o
 .ARM.attributes
                0x00000000000006f3       0x34 ./Drivers/STM32G4xx_HAL_Driver/stm32g4xx_hal_rcc_ex.o
 .ARM.attributes
                0x0000000000000727       0x34 ./Drivers/STM32G4xx_HAL_Driver/stm32g4xx_hal_spi.o
 .ARM.attributes
                0x000000000000075b       0x34 ./Drivers/STM32G4xx_HAL_Driver/stm32g4xx_hal_tim.o
 .ARM.attributes
                0x000000000000078f       0x34 ./Drivers/STM32G4xx_HAL_Driver/stm32g4xx_hal_tim_ex.o
 .ARM.attributes
                0x00000000000007c3       0x34 ./Drivers/STM32G4xx_HAL_Driver/stm32g4xx_hal_uart.o
 .ARM.attributes
                0x00000000000007f7       0x34 ./Drivers/STM32G4xx_HAL_Driver/stm32g4xx_hal_uart_ex.o
 .ARM.attributes
                0x000000000000082b       0x34 C:/ST/STM32CubeIDE_1.13.2/STM32CubeIDE/plugins/com.st.stm32cube.ide.mcu.externaltools.gnu-tools-for-stm32.11.3.rel1.win32_1.1.1.202309131626/tools/bin/../lib/gcc/arm-none-eabi/11.3.1/../../../../arm-none-eabi/lib/thumb/v7e-m+fp/hard\libc_nano.a(libc_a-findfp.o)
 .ARM.attributes