C:/Users/Daniel/STM32Cube/Repository/STM32Cube_FW_G4_V1.5.1/Drivers/STM32G4xx_HAL_Driver/Src/stm32g4xx_hal_fmac.c:2152:13:FMAC_ReadDataIncrementPtr	8	static
C:/Users/Daniel/STM32Cube/Repository/STM32Cube_FW_G4_V1.5.1/Drivers/STM32G4xx_HAL_Driver/Src/stm32g4xx_hal_fmac.c:2216:13:FMAC_WriteDataIncrementPtr	20	static
C:/Users/Daniel/STM32Cube/Repository/STM32Cube_FW_G4_V1.5.1/Drivers/STM32G4xx_HAL_Driver/Src/stm32g4xx_hal_fmac.c:502:13:HAL_FMAC_MspInit	0	static
C:/Users/Daniel/STM32Cube/Repository/STM32Cube_FW_G4_V1.5.1/Drivers/STM32G4xx_HAL_Driver/Src/stm32g4xx_hal_fmac.c:382:19:HAL_FMAC_Init	16	static
C:/Users/Daniel/STM32Cube/Repository/STM32Cube_FW_G4_V1.5.1/Drivers/STM32G4xx_HAL_Driver/Src/stm32g4xx_hal_fmac.c:517:13:HAL_FMAC_MspDeInit	0	static
C:/Users/Daniel/STM32Cube/Repository/STM32Cube_FW_G4_V1.5.1/Drivers/STM32G4xx_HAL_Driver/Src/stm32g4xx_hal_fmac.c:455:19:HAL_FMAC_DeInit	16	static
C:/Users/Daniel/STM32Cube/Repository/STM32Cube_FW_G4_V1.5.1/Drivers/STM32G4xx_HAL_Driver/Src/stm32g4xx_hal_fmac.c:803:19:HAL_FMAC_FilterConfig	24	static
C:/Users/Daniel/STM32Cube/Repository/STM32Cube_FW_G4_V1.5.1/Drivers/STM32G4xx_HAL_Driver/Src/stm32g4xx_hal_fmac.c:819:19:HAL_FMAC_FilterConfig_DMA	16	static
C:/Users/Daniel/STM32Cube/Repository/STM32Cube_FW_G4_V1.5.1/Drivers/STM32G4xx_HAL_Driver/Src/stm32g4xx_hal_fmac.c:843:19:HAL_FMAC_FilterPreload	32	static
C:/Users/Daniel/STM32Cube/Repository/STM32Cube_FW_G4_V1.5.1/Drivers/STM32G4xx_HAL_Driver/Src/stm32g4xx_hal_fmac.c:868:19:HAL_FMAC_FilterPreload_DMA	32	static
C:/Users/Daniel/STM32Cube/Repository/STM32Cube_FW_G4_V1.5.1/Drivers/STM32G4xx_HAL_Driver/Src/stm32g4xx_hal_fmac.c:886:19:HAL_FMAC_FilterStart	24	static
C:/Users/Daniel/STM32Cube/Repository/STM32Cube_FW_G4_V1.5.1/Drivers/STM32G4xx_HAL_Driver/Src/stm32g4xx_hal_fmac.c:971:19:HAL_FMAC_AppendFilterData	8	static
C:/Users/Daniel/STM32Cube/Repository/STM32Cube_FW_G4_V1.5.1/Drivers/STM32G4xx_HAL_Driver/Src/stm32g4xx_hal_fmac.c:1027:19:HAL_FMAC_ConfigFilterOutputBuffer	12	static
C:/Users/Daniel/STM32Cube/Repository/STM32Cube_FW_G4_V1.5.1/Drivers/STM32G4xx_HAL_Driver/Src/stm32g4xx_hal_fmac.c:1088:19:HAL_FMAC_PollFilterData	32	static
C:/Users/Daniel/STM32Cube/Repository/STM32Cube_FW_G4_V1.5.1/Drivers/STM32G4xx_HAL_Driver/Src/stm32g4xx_hal_fmac.c:1207:19:HAL_FMAC_FilterStop	16	static
C:/Users/Daniel/STM32Cube/Repository/STM32Cube_FW_G4_V1.5.1/Drivers/STM32G4xx_HAL_Driver/Src/stm32g4xx_hal_fmac.c:1288:13:HAL_FMAC_ErrorCallback	0	static
C:/Users/Daniel/STM32Cube/Repository/STM32Cube_FW_G4_V1.5.1/Drivers/STM32G4xx_HAL_Driver/Src/stm32g4xx_hal_fmac.c:2505:13:FMAC_DMAError	8	static
C:/Users/Daniel/STM32Cube/Repository/STM32Cube_FW_G4_V1.5.1/Drivers/STM32G4xx_HAL_Driver/Src/stm32g4xx_hal_fmac.c:1304:13:HAL_FMAC_HalfGetDataCallback	0	static
C:/Users/Daniel/STM32Cube/Repository/STM32Cube_FW_G4_V1.5.1/Drivers/STM32G4xx_HAL_Driver/Src/stm32g4xx_hal_fmac.c:2275:13:FMAC_DMAHalfGetData	8	static
C:/Users/Daniel/STM32Cube/Repository/STM32Cube_FW_G4_V1.5.1/Drivers/STM32G4xx_HAL_Driver/Src/stm32g4xx_hal_fmac.c:1320:13:HAL_FMAC_GetDataCallback	0	static
C:/Users/Daniel/STM32Cube/Repository/STM32Cube_FW_G4_V1.5.1/Drivers/STM32G4xx_HAL_Driver/Src/stm32g4xx_hal_fmac.c:2292:13:FMAC_DMAGetData	8	static
C:/Users/Daniel/STM32Cube/Repository/STM32Cube_FW_G4_V1.5.1/Drivers/STM32G4xx_HAL_Driver/Src/stm32g4xx_hal_fmac.c:1336:13:HAL_FMAC_HalfOutputDataReadyCallback	0	static
C:/Users/Daniel/STM32Cube/Repository/STM32Cube_FW_G4_V1.5.1/Drivers/STM32G4xx_HAL_Driver/Src/stm32g4xx_hal_fmac.c:2312:13:FMAC_DMAHalfOutputDataReady	8	static
C:/Users/Daniel/STM32Cube/Repository/STM32Cube_FW_G4_V1.5.1/Drivers/STM32G4xx_HAL_Driver/Src/stm32g4xx_hal_fmac.c:1352:13:HAL_FMAC_OutputDataReadyCallback	0	static
C:/Users/Daniel/STM32Cube/Repository/STM32Cube_FW_G4_V1.5.1/Drivers/STM32G4xx_HAL_Driver/Src/stm32g4xx_hal_fmac.c:2329:13:FMAC_DMAOutputDataReady	8	static
C:/Users/Daniel/STM32Cube/Repository/STM32Cube_FW_G4_V1.5.1/Drivers/STM32G4xx_HAL_Driver/Src/stm32g4xx_hal_fmac.c:1368:13:HAL_FMAC_FilterConfigCallback	0	static
C:/Users/Daniel/STM32Cube/Repository/STM32Cube_FW_G4_V1.5.1/Drivers/STM32G4xx_HAL_Driver/Src/stm32g4xx_hal_fmac.c:2349:13:FMAC_DMAFilterConfig	16	static
C:/Users/Daniel/STM32Cube/Repository/STM32Cube_FW_G4_V1.5.1/Drivers/STM32G4xx_HAL_Driver/Src/stm32g4xx_hal_fmac.c:1384:13:HAL_FMAC_FilterPreloadCallback	0	static
C:/Users/Daniel/STM32Cube/Repository/STM32Cube_FW_G4_V1.5.1/Drivers/STM32G4xx_HAL_Driver/Src/stm32g4xx_hal_fmac.c:2424:13:FMAC_DMAFilterPreload	16	static
C:/Users/Daniel/STM32Cube/Repository/STM32Cube_FW_G4_V1.5.1/Drivers/STM32G4xx_HAL_Driver/Src/stm32g4xx_hal_fmac.c:1417:6:HAL_FMAC_IRQHandler	16	static
C:/Users/Daniel/STM32Cube/Repository/STM32Cube_FW_G4_V1.5.1/Drivers/STM32G4xx_HAL_Driver/Src/stm32g4xx_hal_fmac.c:1533:23:HAL_FMAC_GetState	0	static
C:/Users/Daniel/STM32Cube/Repository/STM32Cube_FW_G4_V1.5.1/Drivers/STM32G4xx_HAL_Driver/Src/stm32g4xx_hal_fmac.c:1546:10:HAL_FMAC_GetError	0	static
