../Application/BLDC_FOC.c:187:6:Current_IRQ	4	static
../Application/BLDC_FOC.c:198:6:Voltage_Temp_IRQ	0	static
../Application/BLDC_FOC.c:201:6:Encoders_IRQ	4	static
../Application/BLDC_FOC.c:206:6:Can_RX_Status_IRQ	0	static
../Application/BLDC_FOC.c:151:7:Update_FIR_filter	0	static
../Application/BLDC_FOC.c:166:7:Update_FIR_filter2	0	static
../Application/BLDC_FOC.c:264:6:check_value	8	static
../Application/BLDC_FOC.c:269:10:sqrtI	0	static
../Application/BLDC_FOC.c:288:7:atan2_approximation2	0	static
../Application/BLDC_FOC.c:335:6:BLDC_main	40	static
../Application/BLDC_FOC.c:713:9:mech_to_el_deg	0	static
../Application/BLDC_FOC.c:462:6:run	56	static
