../Application/BLDC_FOC.c:132:6:Current_IRQ	4	static
../Application/BLDC_FOC.c:143:6:Voltage_Temp_IRQ	0	static
../Application/BLDC_FOC.c:146:6:Encoders_IRQ	4	static
../Application/BLDC_FOC.c:151:6:Can_RX_Status_IRQ	0	static
../Application/BLDC_FOC.c:96:7:Update_FIR_filter	0	static
../Application/BLDC_FOC.c:111:7:Update_FIR_filter2	0	static
../Application/BLDC_FOC.c:192:6:check_value	8	static
../Application/BLDC_FOC.c:197:10:sqrtI	0	static
../Application/BLDC_FOC.c:216:7:atan2_approximation2	0	static
../Application/BLDC_FOC.c:263:6:BLDC_main	40	static
../Application/BLDC_FOC.c:627:9:mech_to_el_deg	0	static
../Application/BLDC_FOC.c:390:6:run	56	static
