../Application/current_ADC.c:53:6:dac_value	8	static
../Application/current_ADC.c:64:9:polar_to_rectangular	56	static
../Application/current_ADC.c:73:9:add_complex	32	static
../Application/current_ADC.c:81:7:calculate_vector_sum	56	static
../Application/current_ADC.c:95:6:ADC_CAL	16	static
../Application/current_ADC.c:109:6:current_init	8	static
../Application/current_ADC.c:121:6:voltage_temperature_init	8	static
../Application/current_ADC.c:127:6:HAL_ADC_ConvHalfCpltCallback	8	static
../Application/current_ADC.c:147:6:HAL_ADC_ConvCpltCallback	8	static
../Application/current_ADC.c:176:6:dq0	40	static
